Sat Jul 15 14:36:01 UTC 2023
Internet: Connected
RAM Usage:
Mem:           969Mi       177Mi       215Mi       3.0Mi       576Mi       646Mi
Swap Usage:
Swap:             0B          0B          0B
Disk Usage:
Filesystem      Size  Used Avail Use% Mounted on
tmpfs            97M  992K   96M   1% /run
/dev/vda1        25G  1.7G   23G   7% /
tmpfs           485M     0  485M   0% /dev/shm
tmpfs           5.0M     0  5.0M   0% /run/lock
/dev/vda15      105M  6.1M   99M   6% /boot/efi
tmpfs            97M  4.0K   97M   1% /run/user/0
Sat Jul 15 14:37:01 UTC 2023
Internet: Connected
RAM Usage:
Mem:           969Mi       177Mi       215Mi       3.0Mi       576Mi       646Mi
Swap Usage:
Swap:             0B          0B          0B
Disk Usage:
Filesystem      Size  Used Avail Use% Mounted on
tmpfs            97M  992K   96M   1% /run
/dev/vda1        25G  1.7G   23G   7% /
tmpfs           485M     0  485M   0% /dev/shm
tmpfs           5.0M     0  5.0M   0% /run/lock
/dev/vda15      105M  6.1M   99M   6% /boot/efi
tmpfs            97M  4.0K   97M   1% /run/user/0
Sat Jul 15 14:38:01 UTC 2023
Internet: Connected
RAM Usage:
Mem:           969Mi       177Mi       215Mi       3.0Mi       576Mi       646Mi
Swap Usage:
Swap:             0B          0B          0B
Disk Usage:
Filesystem      Size  Used Avail Use% Mounted on
tmpfs            97M  992K   96M   1% /run
/dev/vda1        25G  1.7G   23G   7% /
tmpfs           485M     0  485M   0% /dev/shm
tmpfs           5.0M     0  5.0M   0% /run/lock
/dev/vda15      105M  6.1M   99M   6% /boot/efi
tmpfs            97M  4.0K   97M   1% /run/user/0
Sat Jul 15 14:39:01 UTC 2023
Internet: Connected
RAM Usage:
Mem:           969Mi       177Mi       215Mi       3.0Mi       576Mi       646Mi
Swap Usage:
Swap:             0B          0B          0B
Disk Usage:
Filesystem      Size  Used Avail Use% Mounted on
tmpfs            97M  992K   96M   1% /run
/dev/vda1        25G  1.7G   23G   7% /
tmpfs           485M     0  485M   0% /dev/shm
tmpfs           5.0M     0  5.0M   0% /run/lock
/dev/vda15      105M  6.1M   99M   6% /boot/efi
tmpfs            97M  4.0K   97M   1% /run/user/0
Sat Jul 15 14:40:01 UTC 2023
Internet: Connected
RAM Usage:
Mem:           969Mi       177Mi       215Mi       3.0Mi       576Mi       646Mi
Swap Usage:
Swap:             0B          0B          0B
Disk Usage:
Filesystem      Size  Used Avail Use% Mounted on
tmpfs            97M  992K   96M   1% /run
/dev/vda1        25G  1.7G   23G   7% /
tmpfs           485M     0  485M   0% /dev/shm
tmpfs           5.0M     0  5.0M   0% /run/lock
/dev/vda15      105M  6.1M   99M   6% /boot/efi
tmpfs            97M  4.0K   97M   1% /run/user/0
Sat Jul 15 14:41:01 UTC 2023
Internet: Connected
RAM Usage:
Mem:           969Mi       177Mi       215Mi       3.0Mi       576Mi       646Mi
Swap Usage:
Swap:             0B          0B          0B
Disk Usage:
Filesystem      Size  Used Avail Use% Mounted on
tmpfs            97M  992K   96M   1% /run
/dev/vda1        25G  1.7G   23G   7% /
tmpfs           485M     0  485M   0% /dev/shm
tmpfs           5.0M     0  5.0M   0% /run/lock
/dev/vda15      105M  6.1M   99M   6% /boot/efi
tmpfs            97M  4.0K   97M   1% /run/user/0
Sat Jul 15 14:42:01 UTC 2023
Internet: Connected
RAM Usage:
Mem:           969Mi       179Mi       212Mi       3.0Mi       576Mi       644Mi
Swap Usage:
Swap:             0B          0B          0B
Disk Usage:
Filesystem      Size  Used Avail Use% Mounted on
tmpfs            97M  992K   96M   1% /run
/dev/vda1        25G  1.7G   23G   7% /
tmpfs           485M     0  485M   0% /dev/shm
tmpfs           5.0M     0  5.0M   0% /run/lock
/dev/vda15      105M  6.1M   99M   6% /boot/efi
tmpfs            97M  4.0K   97M   1% /run/user/0
Sat Jul 15 14:43:01 UTC 2023
Internet: Connected
RAM Usage:
Mem:           969Mi       179Mi       212Mi       3.0Mi       577Mi       644Mi
Swap Usage:
Swap:             0B          0B          0B
Disk Usage:
Filesystem      Size  Used Avail Use% Mounted on
tmpfs            97M  992K   96M   1% /run
/dev/vda1        25G  1.7G   23G   7% /
tmpfs           485M     0  485M   0% /dev/shm
tmpfs           5.0M     0  5.0M   0% /run/lock
/dev/vda15      105M  6.1M   99M   6% /boot/efi
tmpfs            97M  4.0K   97M   1% /run/user/0
Sat Jul 15 14:44:01 UTC 2023
Internet: Connected
RAM Usage:
Mem:           969Mi       181Mi       210Mi       3.0Mi       577Mi       642Mi
Swap Usage:
Swap:             0B          0B          0B
Disk Usage:
Filesystem      Size  Used Avail Use% Mounted on
tmpfs            97M  992K   96M   1% /run
/dev/vda1        25G  1.7G   23G   7% /
tmpfs           485M     0  485M   0% /dev/shm
tmpfs           5.0M     0  5.0M   0% /run/lock
/dev/vda15      105M  6.1M   99M   6% /boot/efi
tmpfs            97M  4.0K   97M   1% /run/user/0
Sat Jul 15 14:45:01 UTC 2023
Internet: Connected
RAM Usage:
Mem:           969Mi       181Mi       210Mi       3.0Mi       577Mi       642Mi
Swap Usage:
Swap:             0B          0B          0B
Disk Usage:
Filesystem      Size  Used Avail Use% Mounted on
tmpfs            97M  976K   96M   1% /run
/dev/vda1        25G  1.7G   23G   7% /
tmpfs           485M     0  485M   0% /dev/shm
tmpfs           5.0M     0  5.0M   0% /run/lock
/dev/vda15      105M  6.1M   99M   6% /boot/efi
Sat Jul 15 14:46:01 UTC 2023
Internet: Connected
RAM Usage:
Mem:           969Mi       181Mi       210Mi       3.0Mi       577Mi       642Mi
Swap Usage:
Swap:             0B          0B          0B
Disk Usage:
Filesystem      Size  Used Avail Use% Mounted on
tmpfs            97M  976K   96M   1% /run
/dev/vda1        25G  1.7G   23G   7% /
tmpfs           485M     0  485M   0% /dev/shm
tmpfs           5.0M     0  5.0M   0% /run/lock
/dev/vda15      105M  6.1M   99M   6% /boot/efi
Sat Jul 15 14:47:01 UTC 2023
Internet: Connected
RAM Usage:
Mem:           969Mi       181Mi       210Mi       3.0Mi       577Mi       643Mi
Swap Usage:
Swap:             0B          0B          0B
Disk Usage:
Filesystem      Size  Used Avail Use% Mounted on
tmpfs            97M  976K   96M   1% /run
/dev/vda1        25G  1.7G   23G   7% /
tmpfs           485M     0  485M   0% /dev/shm
tmpfs           5.0M     0  5.0M   0% /run/lock
/dev/vda15      105M  6.1M   99M   6% /boot/efi
Sat Jul 15 14:48:01 UTC 2023
Internet: Connected
RAM Usage:
Mem:           969Mi       181Mi       210Mi       3.0Mi       577Mi       643Mi
Swap Usage:
Swap:             0B          0B          0B
Disk Usage:
Filesystem      Size  Used Avail Use% Mounted on
tmpfs            97M  976K   96M   1% /run
/dev/vda1        25G  1.7G   23G   7% /
tmpfs           485M     0  485M   0% /dev/shm
tmpfs           5.0M     0  5.0M   0% /run/lock
/dev/vda15      105M  6.1M   99M   6% /boot/efi
Sat Jul 15 14:49:01 UTC 2023
Internet: Connected
RAM Usage:
Mem:           969Mi       180Mi       210Mi       3.0Mi       577Mi       643Mi
Swap Usage:
Swap:             0B          0B          0B
Disk Usage:
Filesystem      Size  Used Avail Use% Mounted on
tmpfs            97M  976K   96M   1% /run
/dev/vda1        25G  1.7G   23G   7% /
tmpfs           485M     0  485M   0% /dev/shm
tmpfs           5.0M     0  5.0M   0% /run/lock
/dev/vda15      105M  6.1M   99M   6% /boot/efi
Sat Jul 15 14:50:01 UTC 2023
Internet: Connected
RAM Usage:
Mem:           969Mi       180Mi       210Mi       3.0Mi       577Mi       643Mi
Swap Usage:
Swap:             0B          0B          0B
Disk Usage:
Filesystem      Size  Used Avail Use% Mounted on
tmpfs            97M  976K   96M   1% /run
/dev/vda1        25G  1.7G   23G   7% /
tmpfs           485M     0  485M   0% /dev/shm
tmpfs           5.0M     0  5.0M   0% /run/lock
/dev/vda15      105M  6.1M   99M   6% /boot/efi
Sat Jul 15 14:51:01 UTC 2023
Internet: Connected
RAM Usage:
Mem:           969Mi       180Mi       210Mi       3.0Mi       577Mi       643Mi
Swap Usage:
Swap:             0B          0B          0B
Disk Usage:
Filesystem      Size  Used Avail Use% Mounted on
tmpfs            97M  976K   96M   1% /run
/dev/vda1        25G  1.7G   23G   7% /
tmpfs           485M     0  485M   0% /dev/shm
tmpfs           5.0M     0  5.0M   0% /run/lock
/dev/vda15      105M  6.1M   99M   6% /boot/efi
Sat Jul 15 14:52:01 UTC 2023
Internet: Connected
RAM Usage:
Mem:           969Mi       180Mi       210Mi       3.0Mi       577Mi       643Mi
Swap Usage:
Swap:             0B          0B          0B
Disk Usage:
Filesystem      Size  Used Avail Use% Mounted on
tmpfs            97M  976K   96M   1% /run
/dev/vda1        25G  1.7G   23G   7% /
tmpfs           485M     0  485M   0% /dev/shm
tmpfs           5.0M     0  5.0M   0% /run/lock
/dev/vda15      105M  6.1M   99M   6% /boot/efi
Sat Jul 15 14:53:01 UTC 2023
Internet: Connected
RAM Usage:
Mem:           969Mi       180Mi       210Mi       3.0Mi       578Mi       643Mi
Swap Usage:
Swap:             0B          0B          0B
Disk Usage:
Filesystem      Size  Used Avail Use% Mounted on
tmpfs            97M  976K   96M   1% /run
/dev/vda1        25G  1.7G   23G   7% /
tmpfs           485M     0  485M   0% /dev/shm
tmpfs           5.0M     0  5.0M   0% /run/lock
/dev/vda15      105M  6.1M   99M   6% /boot/efi
Sat Jul 15 14:54:01 UTC 2023
Internet: Connected
RAM Usage:
Mem:           969Mi       180Mi       210Mi       3.0Mi       578Mi       643Mi
Swap Usage:
Swap:             0B          0B          0B
Disk Usage:
Filesystem      Size  Used Avail Use% Mounted on
tmpfs            97M  976K   96M   1% /run
/dev/vda1        25G  1.7G   23G   7% /
tmpfs           485M     0  485M   0% /dev/shm
tmpfs           5.0M     0  5.0M   0% /run/lock
/dev/vda15      105M  6.1M   99M   6% /boot/efi
Sat Jul 15 14:55:01 UTC 2023
Internet: Connected
RAM Usage:
Mem:           969Mi       180Mi       210Mi       3.0Mi       578Mi       643Mi
Swap Usage:
Swap:             0B          0B          0B
Disk Usage:
Filesystem      Size  Used Avail Use% Mounted on
tmpfs            97M  976K   96M   1% /run
/dev/vda1        25G  1.7G   23G   7% /
tmpfs           485M     0  485M   0% /dev/shm
tmpfs           5.0M     0  5.0M   0% /run/lock
/dev/vda15      105M  6.1M   99M   6% /boot/efi
Sat Jul 15 14:56:01 UTC 2023
Internet: Connected
RAM Usage:
Mem:           969Mi       180Mi       210Mi       3.0Mi       578Mi       643Mi
Swap Usage:
Swap:             0B          0B          0B
Disk Usage:
Filesystem      Size  Used Avail Use% Mounted on
tmpfs            97M  976K   96M   1% /run
/dev/vda1        25G  1.7G   23G   7% /
tmpfs           485M     0  485M   0% /dev/shm
tmpfs           5.0M     0  5.0M   0% /run/lock
/dev/vda15      105M  6.1M   99M   6% /boot/efi
Sat Jul 15 14:57:01 UTC 2023
Internet: Connected
RAM Usage:
Mem:           969Mi       180Mi       210Mi       3.0Mi       578Mi       644Mi
Swap Usage:
Swap:             0B          0B          0B
Disk Usage:
Filesystem      Size  Used Avail Use% Mounted on
tmpfs            97M  976K   96M   1% /run
/dev/vda1        25G  1.7G   23G   7% /
tmpfs           485M     0  485M   0% /dev/shm
tmpfs           5.0M     0  5.0M   0% /run/lock
/dev/vda15      105M  6.1M   99M   6% /boot/efi
Sat Jul 15 14:58:01 UTC 2023
Internet: Connected
RAM Usage:
Mem:           969Mi       180Mi       210Mi       3.0Mi       578Mi       644Mi
Swap Usage:
Swap:             0B          0B          0B
Disk Usage:
Filesystem      Size  Used Avail Use% Mounted on
tmpfs            97M  976K   96M   1% /run
/dev/vda1        25G  1.7G   23G   7% /
tmpfs           485M     0  485M   0% /dev/shm
tmpfs           5.0M     0  5.0M   0% /run/lock
/dev/vda15      105M  6.1M   99M   6% /boot/efi
Sat Jul 15 14:59:01 UTC 2023
Internet: Connected
RAM Usage:
Mem:           969Mi       179Mi       210Mi       3.0Mi       578Mi       644Mi
Swap Usage:
Swap:             0B          0B          0B
Disk Usage:
Filesystem      Size  Used Avail Use% Mounted on
tmpfs            97M  976K   96M   1% /run
/dev/vda1        25G  1.7G   23G   7% /
tmpfs           485M     0  485M   0% /dev/shm
tmpfs           5.0M     0  5.0M   0% /run/lock
/dev/vda15      105M  6.1M   99M   6% /boot/efi
Sat Jul 15 15:00:01 UTC 2023
Internet: Connected
RAM Usage:
Mem:           969Mi       179Mi       210Mi       3.0Mi       579Mi       644Mi
Swap Usage:
Swap:             0B          0B          0B
Disk Usage:
Filesystem      Size  Used Avail Use% Mounted on
tmpfs            97M  976K   96M   1% /run
/dev/vda1        25G  1.7G   23G   7% /
tmpfs           485M     0  485M   0% /dev/shm
tmpfs           5.0M     0  5.0M   0% /run/lock
/dev/vda15      105M  6.1M   99M   6% /boot/efi
Sat Jul 15 15:01:01 UTC 2023
Internet: Connected
RAM Usage:
Mem:           969Mi       179Mi       210Mi       3.0Mi       579Mi       644Mi
Swap Usage:
Swap:             0B          0B          0B
Disk Usage:
Filesystem      Size  Used Avail Use% Mounted on
tmpfs            97M  976K   96M   1% /run
/dev/vda1        25G  1.7G   23G   7% /
tmpfs           485M     0  485M   0% /dev/shm
tmpfs           5.0M     0  5.0M   0% /run/lock
/dev/vda15      105M  6.1M   99M   6% /boot/efi
Sat Jul 15 15:02:01 UTC 2023
Internet: Connected
RAM Usage:
Mem:           969Mi       179Mi       210Mi       3.0Mi       579Mi       644Mi
Swap Usage:
Swap:             0B          0B          0B
Disk Usage:
Filesystem      Size  Used Avail Use% Mounted on
tmpfs            97M  976K   96M   1% /run
/dev/vda1        25G  1.7G   23G   7% /
tmpfs           485M     0  485M   0% /dev/shm
tmpfs           5.0M     0  5.0M   0% /run/lock
/dev/vda15      105M  6.1M   99M   6% /boot/efi
Sat Jul 15 15:03:01 UTC 2023
Internet: Connected
RAM Usage:
Mem:           969Mi       179Mi       210Mi       3.0Mi       579Mi       645Mi
Swap Usage:
Swap:             0B          0B          0B
Disk Usage:
Filesystem      Size  Used Avail Use% Mounted on
tmpfs            97M  976K   96M   1% /run
/dev/vda1        25G  1.7G   23G   7% /
tmpfs           485M     0  485M   0% /dev/shm
tmpfs           5.0M     0  5.0M   0% /run/lock
/dev/vda15      105M  6.1M   99M   6% /boot/efi
Sat Jul 15 15:04:01 UTC 2023
Internet: Connected
RAM Usage:
Mem:           969Mi       179Mi       210Mi       3.0Mi       579Mi       645Mi
Swap Usage:
Swap:             0B          0B          0B
Disk Usage:
Filesystem      Size  Used Avail Use% Mounted on
tmpfs            97M  976K   96M   1% /run
/dev/vda1        25G  1.7G   23G   7% /
tmpfs           485M     0  485M   0% /dev/shm
tmpfs           5.0M     0  5.0M   0% /run/lock
/dev/vda15      105M  6.1M   99M   6% /boot/efi
Sat Jul 15 15:05:01 UTC 2023
Internet: Connected
RAM Usage:
Mem:           969Mi       179Mi       210Mi       3.0Mi       579Mi       644Mi
Swap Usage:
Swap:             0B          0B          0B
Disk Usage:
Filesystem      Size  Used Avail Use% Mounted on
tmpfs            97M  976K   96M   1% /run
/dev/vda1        25G  1.7G   23G   7% /
tmpfs           485M     0  485M   0% /dev/shm
tmpfs           5.0M     0  5.0M   0% /run/lock
/dev/vda15      105M  6.1M   99M   6% /boot/efi
Sat Jul 15 15:06:01 UTC 2023
Internet: Connected
RAM Usage:
Mem:           969Mi       179Mi       210Mi       3.0Mi       579Mi       644Mi
Swap Usage:
Swap:             0B          0B          0B
Disk Usage:
Filesystem      Size  Used Avail Use% Mounted on
tmpfs            97M  976K   96M   1% /run
/dev/vda1        25G  1.7G   23G   7% /
tmpfs           485M     0  485M   0% /dev/shm
tmpfs           5.0M     0  5.0M   0% /run/lock
/dev/vda15      105M  6.1M   99M   6% /boot/efi
Sat Jul 15 15:07:01 UTC 2023
Internet: Connected
RAM Usage:
Mem:           969Mi       179Mi       210Mi       3.0Mi       579Mi       644Mi
Swap Usage:
Swap:             0B          0B          0B
Disk Usage:
Filesystem      Size  Used Avail Use% Mounted on
tmpfs            97M  976K   96M   1% /run
/dev/vda1        25G  1.7G   23G   7% /
tmpfs           485M     0  485M   0% /dev/shm
tmpfs           5.0M     0  5.0M   0% /run/lock
/dev/vda15      105M  6.1M   99M   6% /boot/efi
Sat Jul 15 15:08:01 UTC 2023
Internet: Connected
RAM Usage:
Mem:           969Mi       179Mi       210Mi       3.0Mi       579Mi       644Mi
Swap Usage:
Swap:             0B          0B          0B
Disk Usage:
Filesystem      Size  Used Avail Use% Mounted on
tmpfs            97M  976K   96M   1% /run
/dev/vda1        25G  1.7G   23G   7% /
tmpfs           485M     0  485M   0% /dev/shm
tmpfs           5.0M     0  5.0M   0% /run/lock
/dev/vda15      105M  6.1M   99M   6% /boot/efi
Sat Jul 15 15:09:01 UTC 2023
Internet: Connected
RAM Usage:
Mem:           969Mi       179Mi       210Mi       3.0Mi       580Mi       645Mi
Swap Usage:
Swap:             0B          0B          0B
Disk Usage:
Filesystem      Size  Used Avail Use% Mounted on
tmpfs            97M  976K   96M   1% /run
/dev/vda1        25G  1.7G   23G   7% /
tmpfs           485M     0  485M   0% /dev/shm
tmpfs           5.0M     0  5.0M   0% /run/lock
/dev/vda15      105M  6.1M   99M   6% /boot/efi
Sat Jul 15 15:10:01 UTC 2023
Internet: Connected
RAM Usage:
Mem:           969Mi       178Mi       210Mi       3.0Mi       580Mi       645Mi
Swap Usage:
Swap:             0B          0B          0B
Disk Usage:
Filesystem      Size  Used Avail Use% Mounted on
tmpfs            97M  976K   96M   1% /run
/dev/vda1        25G  1.7G   23G   7% /
tmpfs           485M     0  485M   0% /dev/shm
tmpfs           5.0M     0  5.0M   0% /run/lock
/dev/vda15      105M  6.1M   99M   6% /boot/efi
Sat Jul 15 15:11:01 UTC 2023
Internet: Connected
RAM Usage:
Mem:           969Mi       178Mi       210Mi       3.0Mi       580Mi       645Mi
Swap Usage:
Swap:             0B          0B          0B
Disk Usage:
Filesystem      Size  Used Avail Use% Mounted on
tmpfs            97M  976K   96M   1% /run
/dev/vda1        25G  1.7G   23G   7% /
tmpfs           485M     0  485M   0% /dev/shm
tmpfs           5.0M     0  5.0M   0% /run/lock
/dev/vda15      105M  6.1M   99M   6% /boot/efi
Sat Jul 15 15:12:01 UTC 2023
Internet: Connected
RAM Usage:
Mem:           969Mi       178Mi       210Mi       3.0Mi       580Mi       645Mi
Swap Usage:
Swap:             0B          0B          0B
Disk Usage:
Filesystem      Size  Used Avail Use% Mounted on
tmpfs            97M  976K   96M   1% /run
/dev/vda1        25G  1.7G   23G   7% /
tmpfs           485M     0  485M   0% /dev/shm
tmpfs           5.0M     0  5.0M   0% /run/lock
/dev/vda15      105M  6.1M   99M   6% /boot/efi
Sat Jul 15 15:13:01 UTC 2023
Internet: Connected
RAM Usage:
Mem:           969Mi       178Mi       210Mi       3.0Mi       580Mi       645Mi
Swap Usage:
Swap:             0B          0B          0B
Disk Usage:
Filesystem      Size  Used Avail Use% Mounted on
tmpfs            97M  976K   96M   1% /run
/dev/vda1        25G  1.7G   23G   7% /
tmpfs           485M     0  485M   0% /dev/shm
tmpfs           5.0M     0  5.0M   0% /run/lock
/dev/vda15      105M  6.1M   99M   6% /boot/efi
Sat Jul 15 15:14:01 UTC 2023
Internet: Connected
RAM Usage:
Mem:           969Mi       178Mi       210Mi       3.0Mi       580Mi       645Mi
Swap Usage:
Swap:             0B          0B          0B
Disk Usage:
Filesystem      Size  Used Avail Use% Mounted on
tmpfs            97M  992K   96M   1% /run
/dev/vda1        25G  1.7G   23G   7% /
tmpfs           485M     0  485M   0% /dev/shm
tmpfs           5.0M     0  5.0M   0% /run/lock
/dev/vda15      105M  6.1M   99M   6% /boot/efi
tmpfs            97M  4.0K   97M   1% /run/user/0
Sat Jul 15 15:15:01 UTC 2023
Internet: Connected
RAM Usage:
Mem:           969Mi       179Mi       209Mi       3.0Mi       580Mi       644Mi
Swap Usage:
Swap:             0B          0B          0B
Disk Usage:
Filesystem      Size  Used Avail Use% Mounted on
tmpfs            97M  976K   96M   1% /run
/dev/vda1        25G  1.7G   23G   7% /
tmpfs           485M     0  485M   0% /dev/shm
tmpfs           5.0M     0  5.0M   0% /run/lock
/dev/vda15      105M  6.1M   99M   6% /boot/efi
Sat Jul 15 15:16:01 UTC 2023
Internet: Connected
RAM Usage:
Mem:           969Mi       179Mi       209Mi       3.0Mi       580Mi       644Mi
Swap Usage:
Swap:             0B          0B          0B
Disk Usage:
Filesystem      Size  Used Avail Use% Mounted on
tmpfs            97M  976K   96M   1% /run
/dev/vda1        25G  1.7G   23G   7% /
tmpfs           485M     0  485M   0% /dev/shm
tmpfs           5.0M     0  5.0M   0% /run/lock
/dev/vda15      105M  6.1M   99M   6% /boot/efi
Sat Jul 15 15:17:01 UTC 2023
Internet: Connected
RAM Usage:
Mem:           969Mi       179Mi       209Mi       3.0Mi       580Mi       645Mi
Swap Usage:
Swap:             0B          0B          0B
Disk Usage:
Filesystem      Size  Used Avail Use% Mounted on
tmpfs            97M  976K   96M   1% /run
/dev/vda1        25G  1.7G   23G   7% /
tmpfs           485M     0  485M   0% /dev/shm
tmpfs           5.0M     0  5.0M   0% /run/lock
/dev/vda15      105M  6.1M   99M   6% /boot/efi
Sat Jul 15 15:18:01 UTC 2023
Internet: Connected
RAM Usage:
Mem:           969Mi       178Mi       209Mi       3.0Mi       581Mi       645Mi
Swap Usage:
Swap:             0B          0B          0B
Disk Usage:
Filesystem      Size  Used Avail Use% Mounted on
tmpfs            97M  992K   96M   1% /run
/dev/vda1        25G  1.7G   23G   7% /
tmpfs           485M     0  485M   0% /dev/shm
tmpfs           5.0M     0  5.0M   0% /run/lock
/dev/vda15      105M  6.1M   99M   6% /boot/efi
tmpfs            97M     0   97M   0% /run/user/0
Sat Jul 15 15:19:01 UTC 2023
Internet: Connected
RAM Usage:
Mem:           969Mi       178Mi       209Mi       3.0Mi       581Mi       645Mi
Swap Usage:
Swap:             0B          0B          0B
Disk Usage:
Filesystem      Size  Used Avail Use% Mounted on
tmpfs            97M  976K   96M   1% /run
/dev/vda1        25G  1.7G   23G   7% /
tmpfs           485M     0  485M   0% /dev/shm
tmpfs           5.0M     0  5.0M   0% /run/lock
/dev/vda15      105M  6.1M   99M   6% /boot/efi
Sat Jul 15 15:20:02 UTC 2023
Internet: Connected
RAM Usage:
Mem:           969Mi       181Mi       206Mi       3.0Mi       581Mi       642Mi
Swap Usage:
Swap:             0B          0B          0B
Disk Usage:
Filesystem      Size  Used Avail Use% Mounted on
tmpfs            97M  976K   96M   1% /run
/dev/vda1        25G  1.7G   23G   7% /
tmpfs           485M     0  485M   0% /dev/shm
tmpfs           5.0M     0  5.0M   0% /run/lock
/dev/vda15      105M  6.1M   99M   6% /boot/efi
Sat Jul 15 15:21:01 UTC 2023
Internet: Connected
RAM Usage:
Mem:           969Mi       181Mi       206Mi       3.0Mi       581Mi       643Mi
Swap Usage:
Swap:             0B          0B          0B
Disk Usage:
Filesystem      Size  Used Avail Use% Mounted on
tmpfs            97M  976K   96M   1% /run
/dev/vda1        25G  1.7G   23G   7% /
tmpfs           485M     0  485M   0% /dev/shm
tmpfs           5.0M     0  5.0M   0% /run/lock
/dev/vda15      105M  6.1M   99M   6% /boot/efi
Sat Jul 15 15:22:01 UTC 2023
Internet: Connected
RAM Usage:
Mem:           969Mi       180Mi       206Mi       3.0Mi       581Mi       643Mi
Swap Usage:
Swap:             0B          0B          0B
Disk Usage:
Filesystem      Size  Used Avail Use% Mounted on
tmpfs            97M  976K   96M   1% /run
/dev/vda1        25G  1.7G   23G   7% /
tmpfs           485M     0  485M   0% /dev/shm
tmpfs           5.0M     0  5.0M   0% /run/lock
/dev/vda15      105M  6.1M   99M   6% /boot/efi
Sat Jul 15 15:23:01 UTC 2023
Internet: Connected
RAM Usage:
Mem:           969Mi       180Mi       206Mi       3.0Mi       581Mi       643Mi
Swap Usage:
Swap:             0B          0B          0B
Disk Usage:
Filesystem      Size  Used Avail Use% Mounted on
tmpfs            97M  976K   96M   1% /run
/dev/vda1        25G  1.7G   23G   7% /
tmpfs           485M     0  485M   0% /dev/shm
tmpfs           5.0M     0  5.0M   0% /run/lock
/dev/vda15      105M  6.1M   99M   6% /boot/efi
Sat Jul 15 15:24:01 UTC 2023
Internet: Connected
RAM Usage:
Mem:           969Mi       180Mi       206Mi       3.0Mi       581Mi       643Mi
Swap Usage:
Swap:             0B          0B          0B
Disk Usage:
Filesystem      Size  Used Avail Use% Mounted on
tmpfs            97M  976K   96M   1% /run
/dev/vda1        25G  1.7G   23G   7% /
tmpfs           485M     0  485M   0% /dev/shm
tmpfs           5.0M     0  5.0M   0% /run/lock
/dev/vda15      105M  6.1M   99M   6% /boot/efi
Sat Jul 15 15:25:01 UTC 2023
Internet: Connected
RAM Usage:
Mem:           969Mi       180Mi       206Mi       3.0Mi       582Mi       643Mi
Swap Usage:
Swap:             0B          0B          0B
Disk Usage:
Filesystem      Size  Used Avail Use% Mounted on
tmpfs            97M  976K   96M   1% /run
/dev/vda1        25G  1.7G   23G   7% /
tmpfs           485M     0  485M   0% /dev/shm
tmpfs           5.0M     0  5.0M   0% /run/lock
/dev/vda15      105M  6.1M   99M   6% /boot/efi
Sat Jul 15 15:26:01 UTC 2023
Internet: Connected
RAM Usage:
Mem:           969Mi       180Mi       206Mi       3.0Mi       582Mi       643Mi
Swap Usage:
Swap:             0B          0B          0B
Disk Usage:
Filesystem      Size  Used Avail Use% Mounted on
tmpfs            97M  976K   96M   1% /run
/dev/vda1        25G  1.7G   23G   7% /
tmpfs           485M     0  485M   0% /dev/shm
tmpfs           5.0M     0  5.0M   0% /run/lock
/dev/vda15      105M  6.1M   99M   6% /boot/efi
Sat Jul 15 15:27:01 UTC 2023
Internet: Connected
RAM Usage:
Mem:           969Mi       180Mi       206Mi       3.0Mi       582Mi       643Mi
Swap Usage:
Swap:             0B          0B          0B
Disk Usage:
Filesystem      Size  Used Avail Use% Mounted on
tmpfs            97M  976K   96M   1% /run
/dev/vda1        25G  1.7G   23G   7% /
tmpfs           485M     0  485M   0% /dev/shm
tmpfs           5.0M     0  5.0M   0% /run/lock
/dev/vda15      105M  6.1M   99M   6% /boot/efi
Sat Jul 15 15:28:01 UTC 2023
Internet: Connected
RAM Usage:
Mem:           969Mi       180Mi       206Mi       3.0Mi       582Mi       644Mi
Swap Usage:
Swap:             0B          0B          0B
Disk Usage:
Filesystem      Size  Used Avail Use% Mounted on
tmpfs            97M  976K   96M   1% /run
/dev/vda1        25G  1.7G   23G   7% /
tmpfs           485M     0  485M   0% /dev/shm
tmpfs           5.0M     0  5.0M   0% /run/lock
/dev/vda15      105M  6.1M   99M   6% /boot/efi
Sat Jul 15 15:29:01 UTC 2023
Internet: Connected
RAM Usage:
Mem:           969Mi       179Mi       206Mi       3.0Mi       582Mi       644Mi
Swap Usage:
Swap:             0B          0B          0B
Disk Usage:
Filesystem      Size  Used Avail Use% Mounted on
tmpfs            97M  976K   96M   1% /run
/dev/vda1        25G  1.7G   23G   7% /
tmpfs           485M     0  485M   0% /dev/shm
tmpfs           5.0M     0  5.0M   0% /run/lock
/dev/vda15      105M  6.1M   99M   6% /boot/efi
Sat Jul 15 15:30:02 UTC 2023
Internet: Connected
RAM Usage:
Mem:           969Mi       179Mi       206Mi       3.0Mi       582Mi       644Mi
Swap Usage:
Swap:             0B          0B          0B
Disk Usage:
Filesystem      Size  Used Avail Use% Mounted on
tmpfs            97M  976K   96M   1% /run
/dev/vda1        25G  1.7G   23G   7% /
tmpfs           485M     0  485M   0% /dev/shm
tmpfs           5.0M     0  5.0M   0% /run/lock
/dev/vda15      105M  6.1M   99M   6% /boot/efi
Sat Jul 15 15:31:01 UTC 2023
Internet: Connected
RAM Usage:
Mem:           969Mi       179Mi       206Mi       3.0Mi       582Mi       644Mi
Swap Usage:
Swap:             0B          0B          0B
Disk Usage:
Filesystem      Size  Used Avail Use% Mounted on
tmpfs            97M  976K   96M   1% /run
/dev/vda1        25G  1.7G   23G   7% /
tmpfs           485M     0  485M   0% /dev/shm
tmpfs           5.0M     0  5.0M   0% /run/lock
/dev/vda15      105M  6.1M   99M   6% /boot/efi
Sat Jul 15 15:32:01 UTC 2023
Internet: Connected
RAM Usage:
Mem:           969Mi       179Mi       206Mi       3.0Mi       582Mi       644Mi
Swap Usage:
Swap:             0B          0B          0B
Disk Usage:
Filesystem      Size  Used Avail Use% Mounted on
tmpfs            97M  976K   96M   1% /run
/dev/vda1        25G  1.7G   23G   7% /
tmpfs           485M     0  485M   0% /dev/shm
tmpfs           5.0M     0  5.0M   0% /run/lock
/dev/vda15      105M  6.1M   99M   6% /boot/efi
Sat Jul 15 15:33:01 UTC 2023
Internet: Connected
RAM Usage:
Mem:           969Mi       179Mi       206Mi       3.0Mi       582Mi       644Mi
Swap Usage:
Swap:             0B          0B          0B
Disk Usage:
Filesystem      Size  Used Avail Use% Mounted on
tmpfs            97M  976K   96M   1% /run
/dev/vda1        25G  1.7G   23G   7% /
tmpfs           485M     0  485M   0% /dev/shm
tmpfs           5.0M     0  5.0M   0% /run/lock
/dev/vda15      105M  6.1M   99M   6% /boot/efi
Sat Jul 15 15:34:01 UTC 2023
Internet: Connected
RAM Usage:
Mem:           969Mi       179Mi       206Mi       3.0Mi       583Mi       644Mi
Swap Usage:
Swap:             0B          0B          0B
Disk Usage:
Filesystem      Size  Used Avail Use% Mounted on
tmpfs            97M  976K   96M   1% /run
/dev/vda1        25G  1.7G   23G   7% /
tmpfs           485M     0  485M   0% /dev/shm
tmpfs           5.0M     0  5.0M   0% /run/lock
/dev/vda15      105M  6.1M   99M   6% /boot/efi
Sat Jul 15 15:35:01 UTC 2023
Internet: Connected
RAM Usage:
Mem:           969Mi       179Mi       206Mi       3.0Mi       583Mi       645Mi
Swap Usage:
Swap:             0B          0B          0B
Disk Usage:
Filesystem      Size  Used Avail Use% Mounted on
tmpfs            97M  976K   96M   1% /run
/dev/vda1        25G  1.7G   23G   7% /
tmpfs           485M     0  485M   0% /dev/shm
tmpfs           5.0M     0  5.0M   0% /run/lock
/dev/vda15      105M  6.1M   99M   6% /boot/efi
Sat Jul 15 15:36:01 UTC 2023
Internet: Connected
RAM Usage:
Mem:           969Mi       178Mi       206Mi       3.0Mi       583Mi       645Mi
Swap Usage:
Swap:             0B          0B          0B
Disk Usage:
Filesystem      Size  Used Avail Use% Mounted on
tmpfs            97M  976K   96M   1% /run
/dev/vda1        25G  1.7G   23G   7% /
tmpfs           485M     0  485M   0% /dev/shm
tmpfs           5.0M     0  5.0M   0% /run/lock
/dev/vda15      105M  6.1M   99M   6% /boot/efi
Sat Jul 15 15:37:01 UTC 2023
Internet: Connected
RAM Usage:
Mem:           969Mi       178Mi       206Mi       3.0Mi       583Mi       645Mi
Swap Usage:
Swap:             0B          0B          0B
Disk Usage:
Filesystem      Size  Used Avail Use% Mounted on
tmpfs            97M  976K   96M   1% /run
/dev/vda1        25G  1.7G   23G   7% /
tmpfs           485M     0  485M   0% /dev/shm
tmpfs           5.0M     0  5.0M   0% /run/lock
/dev/vda15      105M  6.1M   99M   6% /boot/efi
Sat Jul 15 15:38:01 UTC 2023
Internet: Connected
RAM Usage:
Mem:           969Mi       179Mi       206Mi       3.0Mi       583Mi       645Mi
Swap Usage:
Swap:             0B          0B          0B
Disk Usage:
Filesystem      Size  Used Avail Use% Mounted on
tmpfs            97M  976K   96M   1% /run
/dev/vda1        25G  1.7G   23G   7% /
tmpfs           485M     0  485M   0% /dev/shm
tmpfs           5.0M     0  5.0M   0% /run/lock
/dev/vda15      105M  6.1M   99M   6% /boot/efi
Sat Jul 15 15:39:01 UTC 2023
Internet: Connected
RAM Usage:
Mem:           969Mi       178Mi       206Mi       3.0Mi       583Mi       645Mi
Swap Usage:
Swap:             0B          0B          0B
Disk Usage:
Filesystem      Size  Used Avail Use% Mounted on
tmpfs            97M  976K   96M   1% /run
/dev/vda1        25G  1.7G   23G   7% /
tmpfs           485M     0  485M   0% /dev/shm
tmpfs           5.0M     0  5.0M   0% /run/lock
/dev/vda15      105M  6.1M   99M   6% /boot/efi
Sat Jul 15 15:40:01 UTC 2023
Internet: Connected
RAM Usage:
Mem:           969Mi       178Mi       206Mi       3.0Mi       583Mi       645Mi
Swap Usage:
Swap:             0B          0B          0B
Disk Usage:
Filesystem      Size  Used Avail Use% Mounted on
tmpfs            97M  976K   96M   1% /run
/dev/vda1        25G  1.7G   23G   7% /
tmpfs           485M     0  485M   0% /dev/shm
tmpfs           5.0M     0  5.0M   0% /run/lock
/dev/vda15      105M  6.1M   99M   6% /boot/efi
Sat Jul 15 15:41:01 UTC 2023
Internet: Connected
RAM Usage:
Mem:           969Mi       178Mi       206Mi       3.0Mi       584Mi       645Mi
Swap Usage:
Swap:             0B          0B          0B
Disk Usage:
Filesystem      Size  Used Avail Use% Mounted on
tmpfs            97M  976K   96M   1% /run
/dev/vda1        25G  1.7G   23G   7% /
tmpfs           485M     0  485M   0% /dev/shm
tmpfs           5.0M     0  5.0M   0% /run/lock
/dev/vda15      105M  6.1M   99M   6% /boot/efi
Sat Jul 15 15:42:01 UTC 2023
Internet: Connected
RAM Usage:
Mem:           969Mi       178Mi       206Mi       3.0Mi       584Mi       645Mi
Swap Usage:
Swap:             0B          0B          0B
Disk Usage:
Filesystem      Size  Used Avail Use% Mounted on
tmpfs            97M  976K   96M   1% /run
/dev/vda1        25G  1.7G   23G   7% /
tmpfs           485M     0  485M   0% /dev/shm
tmpfs           5.0M     0  5.0M   0% /run/lock
/dev/vda15      105M  6.1M   99M   6% /boot/efi
Sat Jul 15 15:43:01 UTC 2023
Internet: Connected
RAM Usage:
Mem:           969Mi       178Mi       206Mi       3.0Mi       584Mi       645Mi
Swap Usage:
Swap:             0B          0B          0B
Disk Usage:
Filesystem      Size  Used Avail Use% Mounted on
tmpfs            97M  976K   96M   1% /run
/dev/vda1        25G  1.7G   23G   7% /
tmpfs           485M     0  485M   0% /dev/shm
tmpfs           5.0M     0  5.0M   0% /run/lock
/dev/vda15      105M  6.1M   99M   6% /boot/efi
Sat Jul 15 15:44:01 UTC 2023
Internet: Connected
RAM Usage:
Mem:           969Mi       178Mi       206Mi       3.0Mi       584Mi       645Mi
Swap Usage:
Swap:             0B          0B          0B
Disk Usage:
Filesystem      Size  Used Avail Use% Mounted on
tmpfs            97M  976K   96M   1% /run
/dev/vda1        25G  1.7G   23G   7% /
tmpfs           485M     0  485M   0% /dev/shm
tmpfs           5.0M     0  5.0M   0% /run/lock
/dev/vda15      105M  6.1M   99M   6% /boot/efi
Sat Jul 15 15:45:01 UTC 2023
Internet: Connected
RAM Usage:
Mem:           969Mi       180Mi       204Mi       3.0Mi       584Mi       644Mi
Swap Usage:
Swap:             0B          0B          0B
Disk Usage:
Filesystem      Size  Used Avail Use% Mounted on
tmpfs            97M  976K   96M   1% /run
/dev/vda1        25G  1.7G   23G   7% /
tmpfs           485M     0  485M   0% /dev/shm
tmpfs           5.0M     0  5.0M   0% /run/lock
/dev/vda15      105M  6.1M   99M   6% /boot/efi
Sat Jul 15 15:46:01 UTC 2023
Internet: Connected
RAM Usage:
Mem:           969Mi       179Mi       204Mi       3.0Mi       584Mi       644Mi
Swap Usage:
Swap:             0B          0B          0B
Disk Usage:
Filesystem      Size  Used Avail Use% Mounted on
tmpfs            97M  976K   96M   1% /run
/dev/vda1        25G  1.7G   23G   7% /
tmpfs           485M     0  485M   0% /dev/shm
tmpfs           5.0M     0  5.0M   0% /run/lock
/dev/vda15      105M  6.1M   99M   6% /boot/efi
Sat Jul 15 15:47:01 UTC 2023
Internet: Connected
RAM Usage:
Mem:           969Mi       179Mi       204Mi       3.0Mi       584Mi       644Mi
Swap Usage:
Swap:             0B          0B          0B
Disk Usage:
Filesystem      Size  Used Avail Use% Mounted on
tmpfs            97M  976K   96M   1% /run
/dev/vda1        25G  1.7G   23G   7% /
tmpfs           485M     0  485M   0% /dev/shm
tmpfs           5.0M     0  5.0M   0% /run/lock
/dev/vda15      105M  6.1M   99M   6% /boot/efi
Sat Jul 15 15:48:01 UTC 2023
Internet: Connected
RAM Usage:
Mem:           969Mi       179Mi       204Mi       3.0Mi       584Mi       644Mi
Swap Usage:
Swap:             0B          0B          0B
Disk Usage:
Filesystem      Size  Used Avail Use% Mounted on
tmpfs            97M  976K   96M   1% /run
/dev/vda1        25G  1.7G   23G   7% /
tmpfs           485M     0  485M   0% /dev/shm
tmpfs           5.0M     0  5.0M   0% /run/lock
/dev/vda15      105M  6.1M   99M   6% /boot/efi
Sat Jul 15 15:49:01 UTC 2023
Internet: Connected
RAM Usage:
Mem:           969Mi       179Mi       204Mi       3.0Mi       584Mi       644Mi
Swap Usage:
Swap:             0B          0B          0B
Disk Usage:
Filesystem      Size  Used Avail Use% Mounted on
tmpfs            97M  976K   96M   1% /run
/dev/vda1        25G  1.7G   23G   7% /
tmpfs           485M     0  485M   0% /dev/shm
tmpfs           5.0M     0  5.0M   0% /run/lock
/dev/vda15      105M  6.1M   99M   6% /boot/efi
Sat Jul 15 15:50:01 UTC 2023
Internet: Connected
RAM Usage:
Mem:           969Mi       179Mi       204Mi       3.0Mi       585Mi       644Mi
Swap Usage:
Swap:             0B          0B          0B
Disk Usage:
Filesystem      Size  Used Avail Use% Mounted on
tmpfs            97M  976K   96M   1% /run
/dev/vda1        25G  1.7G   23G   7% /
tmpfs           485M     0  485M   0% /dev/shm
tmpfs           5.0M     0  5.0M   0% /run/lock
/dev/vda15      105M  6.1M   99M   6% /boot/efi
Sat Jul 15 15:51:01 UTC 2023
Internet: Connected
RAM Usage:
Mem:           969Mi       179Mi       204Mi       3.0Mi       585Mi       644Mi
Swap Usage:
Swap:             0B          0B          0B
Disk Usage:
Filesystem      Size  Used Avail Use% Mounted on
tmpfs            97M  976K   96M   1% /run
/dev/vda1        25G  1.7G   23G   7% /
tmpfs           485M     0  485M   0% /dev/shm
tmpfs           5.0M     0  5.0M   0% /run/lock
/dev/vda15      105M  6.1M   99M   6% /boot/efi
Sat Jul 15 15:52:01 UTC 2023
Internet: Connected
RAM Usage:
Mem:           969Mi       179Mi       204Mi       3.0Mi       585Mi       644Mi
Swap Usage:
Swap:             0B          0B          0B
Disk Usage:
Filesystem      Size  Used Avail Use% Mounted on
tmpfs            97M  976K   96M   1% /run
/dev/vda1        25G  1.7G   23G   7% /
tmpfs           485M     0  485M   0% /dev/shm
tmpfs           5.0M     0  5.0M   0% /run/lock
/dev/vda15      105M  6.1M   99M   6% /boot/efi
Sat Jul 15 15:53:01 UTC 2023
Internet: Connected
RAM Usage:
Mem:           969Mi       178Mi       204Mi       3.0Mi       585Mi       645Mi
Swap Usage:
Swap:             0B          0B          0B
Disk Usage:
Filesystem      Size  Used Avail Use% Mounted on
tmpfs            97M  976K   96M   1% /run
/dev/vda1        25G  1.7G   23G   7% /
tmpfs           485M     0  485M   0% /dev/shm
tmpfs           5.0M     0  5.0M   0% /run/lock
/dev/vda15      105M  6.1M   99M   6% /boot/efi
Sat Jul 15 15:54:01 UTC 2023
Internet: Connected
RAM Usage:
Mem:           969Mi       178Mi       204Mi       3.0Mi       585Mi       645Mi
Swap Usage:
Swap:             0B          0B          0B
Disk Usage:
Filesystem      Size  Used Avail Use% Mounted on
tmpfs            97M  992K   96M   1% /run
/dev/vda1        25G  1.7G   23G   7% /
tmpfs           485M     0  485M   0% /dev/shm
tmpfs           5.0M     0  5.0M   0% /run/lock
/dev/vda15      105M  6.1M   99M   6% /boot/efi
tmpfs            97M  4.0K   97M   1% /run/user/0
Sat Jul 15 15:55:01 UTC 2023
Internet: Connected
RAM Usage:
Mem:           969Mi       178Mi       204Mi       3.0Mi       585Mi       645Mi
Swap Usage:
Swap:             0B          0B          0B
Disk Usage:
Filesystem      Size  Used Avail Use% Mounted on
tmpfs            97M  992K   96M   1% /run
/dev/vda1        25G  1.7G   23G   7% /
tmpfs           485M     0  485M   0% /dev/shm
tmpfs           5.0M     0  5.0M   0% /run/lock
/dev/vda15      105M  6.1M   99M   6% /boot/efi
tmpfs            97M  4.0K   97M   1% /run/user/0
Sat Jul 15 15:56:01 UTC 2023
Internet: Connected
RAM Usage:
Mem:           969Mi       178Mi       204Mi       3.0Mi       585Mi       645Mi
Swap Usage:
Swap:             0B          0B          0B
Disk Usage:
Filesystem      Size  Used Avail Use% Mounted on
tmpfs            97M  976K   96M   1% /run
/dev/vda1        25G  1.7G   23G   7% /
tmpfs           485M     0  485M   0% /dev/shm
tmpfs           5.0M     0  5.0M   0% /run/lock
/dev/vda15      105M  6.1M   99M   6% /boot/efi
Sat Jul 15 15:57:01 UTC 2023
Internet: Connected
RAM Usage:
Mem:           969Mi       178Mi       204Mi       3.0Mi       585Mi       645Mi
Swap Usage:
Swap:             0B          0B          0B
Disk Usage:
Filesystem      Size  Used Avail Use% Mounted on
tmpfs            97M  976K   96M   1% /run
/dev/vda1        25G  1.7G   23G   7% /
tmpfs           485M     0  485M   0% /dev/shm
tmpfs           5.0M     0  5.0M   0% /run/lock
/dev/vda15      105M  6.1M   99M   6% /boot/efi
Sat Jul 15 15:58:01 UTC 2023
Internet: Connected
RAM Usage:
Mem:           969Mi       178Mi       204Mi       3.0Mi       586Mi       645Mi
Swap Usage:
Swap:             0B          0B          0B
Disk Usage:
Filesystem      Size  Used Avail Use% Mounted on
tmpfs            97M  976K   96M   1% /run
/dev/vda1        25G  1.7G   23G   7% /
tmpfs           485M     0  485M   0% /dev/shm
tmpfs           5.0M     0  5.0M   0% /run/lock
/dev/vda15      105M  6.1M   99M   6% /boot/efi
Sat Jul 15 15:59:01 UTC 2023
Internet: Connected
RAM Usage:
Mem:           969Mi       178Mi       204Mi       3.0Mi       586Mi       645Mi
Swap Usage:
Swap:             0B          0B          0B
Disk Usage:
Filesystem      Size  Used Avail Use% Mounted on
tmpfs            97M  976K   96M   1% /run
/dev/vda1        25G  1.7G   23G   7% /
tmpfs           485M     0  485M   0% /dev/shm
tmpfs           5.0M     0  5.0M   0% /run/lock
/dev/vda15      105M  6.1M   99M   6% /boot/efi
Sat Jul 15 16:00:02 UTC 2023
Internet: Connected
RAM Usage:
Mem:           969Mi       178Mi       204Mi       3.0Mi       586Mi       645Mi
Swap Usage:
Swap:             0B          0B          0B
Disk Usage:
Filesystem      Size  Used Avail Use% Mounted on
tmpfs            97M  996K   96M   2% /run
/dev/vda1        25G  1.7G   23G   7% /
tmpfs           485M     0  485M   0% /dev/shm
tmpfs           5.0M     0  5.0M   0% /run/lock
/dev/vda15      105M  6.1M   99M   6% /boot/efi
tmpfs            97M  4.0K   97M   1% /run/user/0
Sat Jul 15 16:01:01 UTC 2023
Internet: Connected
RAM Usage:
Mem:           969Mi       178Mi       204Mi       3.0Mi       586Mi       645Mi
Swap Usage:
Swap:             0B          0B          0B
Disk Usage:
Filesystem      Size  Used Avail Use% Mounted on
tmpfs            97M  976K   96M   1% /run
/dev/vda1        25G  1.7G   23G   7% /
tmpfs           485M     0  485M   0% /dev/shm
tmpfs           5.0M     0  5.0M   0% /run/lock
/dev/vda15      105M  6.1M   99M   6% /boot/efi
Sat Jul 15 16:02:01 UTC 2023
Internet: Connected
RAM Usage:
Mem:           969Mi       177Mi       204Mi       3.0Mi       586Mi       646Mi
Swap Usage:
Swap:             0B          0B          0B
Disk Usage:
Filesystem      Size  Used Avail Use% Mounted on
tmpfs            97M  976K   96M   1% /run
/dev/vda1        25G  1.7G   23G   7% /
tmpfs           485M     0  485M   0% /dev/shm
tmpfs           5.0M     0  5.0M   0% /run/lock
/dev/vda15      105M  6.1M   99M   6% /boot/efi
Sat Jul 15 16:03:01 UTC 2023
Internet: Connected
RAM Usage:
Mem:           969Mi       177Mi       204Mi       3.0Mi       586Mi       646Mi
Swap Usage:
Swap:             0B          0B          0B
Disk Usage:
Filesystem      Size  Used Avail Use% Mounted on
tmpfs            97M  976K   96M   1% /run
/dev/vda1        25G  1.7G   23G   7% /
tmpfs           485M     0  485M   0% /dev/shm
tmpfs           5.0M     0  5.0M   0% /run/lock
/dev/vda15      105M  6.1M   99M   6% /boot/efi
Sat Jul 15 16:04:01 UTC 2023
Internet: Connected
RAM Usage:
Mem:           969Mi       177Mi       204Mi       3.0Mi       586Mi       646Mi
Swap Usage:
Swap:             0B          0B          0B
Disk Usage:
Filesystem      Size  Used Avail Use% Mounted on
tmpfs            97M  976K   96M   1% /run
/dev/vda1        25G  1.7G   23G   7% /
tmpfs           485M     0  485M   0% /dev/shm
tmpfs           5.0M     0  5.0M   0% /run/lock
/dev/vda15      105M  6.1M   99M   6% /boot/efi
Sat Jul 15 16:05:01 UTC 2023
Internet: Connected
RAM Usage:
Mem:           969Mi       177Mi       204Mi       3.0Mi       586Mi       646Mi
Swap Usage:
Swap:             0B          0B          0B
Disk Usage:
Filesystem      Size  Used Avail Use% Mounted on
tmpfs            97M  976K   96M   1% /run
/dev/vda1        25G  1.7G   23G   7% /
tmpfs           485M     0  485M   0% /dev/shm
tmpfs           5.0M     0  5.0M   0% /run/lock
/dev/vda15      105M  6.1M   99M   6% /boot/efi
Sat Jul 15 16:06:01 UTC 2023
Internet: Connected
RAM Usage:
Mem:           969Mi       177Mi       204Mi       3.0Mi       587Mi       646Mi
Swap Usage:
Swap:             0B          0B          0B
Disk Usage:
Filesystem      Size  Used Avail Use% Mounted on
tmpfs            97M  976K   96M   1% /run
/dev/vda1        25G  1.7G   23G   7% /
tmpfs           485M     0  485M   0% /dev/shm
tmpfs           5.0M     0  5.0M   0% /run/lock
/dev/vda15      105M  6.1M   99M   6% /boot/efi
Sat Jul 15 16:07:01 UTC 2023
Internet: Connected
RAM Usage:
Mem:           969Mi       177Mi       204Mi       3.0Mi       587Mi       646Mi
Swap Usage:
Swap:             0B          0B          0B
Disk Usage:
Filesystem      Size  Used Avail Use% Mounted on
tmpfs            97M  976K   96M   1% /run
/dev/vda1        25G  1.7G   23G   7% /
tmpfs           485M     0  485M   0% /dev/shm
tmpfs           5.0M     0  5.0M   0% /run/lock
/dev/vda15      105M  6.1M   99M   6% /boot/efi
Sat Jul 15 16:08:01 UTC 2023
Internet: Connected
RAM Usage:
Mem:           969Mi       177Mi       204Mi       3.0Mi       587Mi       646Mi
Swap Usage:
Swap:             0B          0B          0B
Disk Usage:
Filesystem      Size  Used Avail Use% Mounted on
tmpfs            97M  976K   96M   1% /run
/dev/vda1        25G  1.7G   23G   7% /
tmpfs           485M     0  485M   0% /dev/shm
tmpfs           5.0M     0  5.0M   0% /run/lock
/dev/vda15      105M  6.1M   99M   6% /boot/efi
Sat Jul 15 16:09:01 UTC 2023
Internet: Connected
RAM Usage:
Mem:           969Mi       177Mi       204Mi       3.0Mi       587Mi       646Mi
Swap Usage:
Swap:             0B          0B          0B
Disk Usage:
Filesystem      Size  Used Avail Use% Mounted on
tmpfs            97M  976K   96M   1% /run
/dev/vda1        25G  1.7G   23G   7% /
tmpfs           485M     0  485M   0% /dev/shm
tmpfs           5.0M     0  5.0M   0% /run/lock
/dev/vda15      105M  6.1M   99M   6% /boot/efi
Sat Jul 15 16:10:01 UTC 2023
Internet: Connected
RAM Usage:
Mem:           969Mi       177Mi       204Mi       3.0Mi       587Mi       647Mi
Swap Usage:
Swap:             0B          0B          0B
Disk Usage:
Filesystem      Size  Used Avail Use% Mounted on
tmpfs            97M  976K   96M   1% /run
/dev/vda1        25G  1.7G   23G   7% /
tmpfs           485M     0  485M   0% /dev/shm
tmpfs           5.0M     0  5.0M   0% /run/lock
/dev/vda15      105M  6.1M   99M   6% /boot/efi
Sat Jul 15 16:11:01 UTC 2023
Internet: Connected
RAM Usage:
Mem:           969Mi       177Mi       204Mi       3.0Mi       587Mi       647Mi
Swap Usage:
Swap:             0B          0B          0B
Disk Usage:
Filesystem      Size  Used Avail Use% Mounted on
tmpfs            97M  976K   96M   1% /run
/dev/vda1        25G  1.7G   23G   7% /
tmpfs           485M     0  485M   0% /dev/shm
tmpfs           5.0M     0  5.0M   0% /run/lock
/dev/vda15      105M  6.1M   99M   6% /boot/efi
Sat Jul 15 16:12:01 UTC 2023
Internet: Connected
RAM Usage:
Mem:           969Mi       176Mi       204Mi       3.0Mi       587Mi       647Mi
Swap Usage:
Swap:             0B          0B          0B
Disk Usage:
Filesystem      Size  Used Avail Use% Mounted on
tmpfs            97M  976K   96M   1% /run
/dev/vda1        25G  1.7G   23G   7% /
tmpfs           485M     0  485M   0% /dev/shm
tmpfs           5.0M     0  5.0M   0% /run/lock
/dev/vda15      105M  6.1M   99M   6% /boot/efi
Sat Jul 15 16:13:01 UTC 2023
Internet: Connected
RAM Usage:
Mem:           969Mi       176Mi       204Mi       3.0Mi       587Mi       647Mi
Swap Usage:
Swap:             0B          0B          0B
Disk Usage:
Filesystem      Size  Used Avail Use% Mounted on
tmpfs            97M  976K   96M   1% /run
/dev/vda1        25G  1.7G   23G   7% /
tmpfs           485M     0  485M   0% /dev/shm
tmpfs           5.0M     0  5.0M   0% /run/lock
/dev/vda15      105M  6.1M   99M   6% /boot/efi
Sat Jul 15 16:14:01 UTC 2023
Internet: Connected
RAM Usage:
Mem:           969Mi       176Mi       204Mi       3.0Mi       587Mi       647Mi
Swap Usage:
Swap:             0B          0B          0B
Disk Usage:
Filesystem      Size  Used Avail Use% Mounted on
tmpfs            97M  976K   96M   1% /run
/dev/vda1        25G  1.7G   23G   7% /
tmpfs           485M     0  485M   0% /dev/shm
tmpfs           5.0M     0  5.0M   0% /run/lock
/dev/vda15      105M  6.1M   99M   6% /boot/efi
Sat Jul 15 16:15:01 UTC 2023
Internet: Connected
RAM Usage:
Mem:           969Mi       176Mi       204Mi       3.0Mi       587Mi       647Mi
Swap Usage:
Swap:             0B          0B          0B
Disk Usage:
Filesystem      Size  Used Avail Use% Mounted on
tmpfs            97M  976K   96M   1% /run
/dev/vda1        25G  1.7G   23G   7% /
tmpfs           485M     0  485M   0% /dev/shm
tmpfs           5.0M     0  5.0M   0% /run/lock
/dev/vda15      105M  6.1M   99M   6% /boot/efi
Sat Jul 15 16:16:01 UTC 2023
Internet: Connected
RAM Usage:
Mem:           969Mi       176Mi       204Mi       3.0Mi       587Mi       647Mi
Swap Usage:
Swap:             0B          0B          0B
Disk Usage:
Filesystem      Size  Used Avail Use% Mounted on
tmpfs            97M  976K   96M   1% /run
/dev/vda1        25G  1.7G   23G   7% /
tmpfs           485M     0  485M   0% /dev/shm
tmpfs           5.0M     0  5.0M   0% /run/lock
/dev/vda15      105M  6.1M   99M   6% /boot/efi
Sat Jul 15 16:17:01 UTC 2023
Internet: Connected
RAM Usage:
Mem:           969Mi       177Mi       203Mi       3.0Mi       588Mi       646Mi
Swap Usage:
Swap:             0B          0B          0B
Disk Usage:
Filesystem      Size  Used Avail Use% Mounted on
tmpfs            97M  976K   96M   1% /run
/dev/vda1        25G  1.7G   23G   7% /
tmpfs           485M     0  485M   0% /dev/shm
tmpfs           5.0M     0  5.0M   0% /run/lock
/dev/vda15      105M  6.1M   99M   6% /boot/efi
Sat Jul 15 16:18:01 UTC 2023
Internet: Connected
RAM Usage:
Mem:           969Mi       177Mi       203Mi       3.0Mi       588Mi       646Mi
Swap Usage:
Swap:             0B          0B          0B
Disk Usage:
Filesystem      Size  Used Avail Use% Mounted on
tmpfs            97M  976K   96M   1% /run
/dev/vda1        25G  1.7G   23G   7% /
tmpfs           485M     0  485M   0% /dev/shm
tmpfs           5.0M     0  5.0M   0% /run/lock
/dev/vda15      105M  6.1M   99M   6% /boot/efi
Sat Jul 15 16:19:01 UTC 2023
Internet: Connected
RAM Usage:
Mem:           969Mi       177Mi       203Mi       3.0Mi       588Mi       646Mi
Swap Usage:
Swap:             0B          0B          0B
Disk Usage:
Filesystem      Size  Used Avail Use% Mounted on
tmpfs            97M  976K   96M   1% /run
/dev/vda1        25G  1.7G   23G   7% /
tmpfs           485M     0  485M   0% /dev/shm
tmpfs           5.0M     0  5.0M   0% /run/lock
/dev/vda15      105M  6.1M   99M   6% /boot/efi
Sat Jul 15 16:20:01 UTC 2023
Internet: Connected
RAM Usage:
Mem:           969Mi       177Mi       203Mi       3.0Mi       588Mi       646Mi
Swap Usage:
Swap:             0B          0B          0B
Disk Usage:
Filesystem      Size  Used Avail Use% Mounted on
tmpfs            97M  992K   96M   1% /run
/dev/vda1        25G  1.7G   23G   7% /
tmpfs           485M     0  485M   0% /dev/shm
tmpfs           5.0M     0  5.0M   0% /run/lock
/dev/vda15      105M  6.1M   99M   6% /boot/efi
tmpfs            97M     0   97M   0% /run/user/0
Sat Jul 15 16:21:01 UTC 2023
Internet: Connected
RAM Usage:
Mem:           969Mi       177Mi       203Mi       3.0Mi       588Mi       646Mi
Swap Usage:
Swap:             0B          0B          0B
Disk Usage:
Filesystem      Size  Used Avail Use% Mounted on
tmpfs            97M  976K   96M   1% /run
/dev/vda1        25G  1.7G   23G   7% /
tmpfs           485M     0  485M   0% /dev/shm
tmpfs           5.0M     0  5.0M   0% /run/lock
/dev/vda15      105M  6.1M   99M   6% /boot/efi
Sat Jul 15 16:22:01 UTC 2023
Internet: Connected
RAM Usage:
Mem:           969Mi       177Mi       203Mi       3.0Mi       588Mi       646Mi
Swap Usage:
Swap:             0B          0B          0B
Disk Usage:
Filesystem      Size  Used Avail Use% Mounted on
tmpfs            97M  976K   96M   1% /run
/dev/vda1        25G  1.7G   23G   7% /
tmpfs           485M     0  485M   0% /dev/shm
tmpfs           5.0M     0  5.0M   0% /run/lock
/dev/vda15      105M  6.1M   99M   6% /boot/efi
Sat Jul 15 16:23:01 UTC 2023
Internet: Connected
RAM Usage:
Mem:           969Mi       177Mi       203Mi       3.0Mi       588Mi       646Mi
Swap Usage:
Swap:             0B          0B          0B
Disk Usage:
Filesystem      Size  Used Avail Use% Mounted on
tmpfs            97M  976K   96M   1% /run
/dev/vda1        25G  1.7G   23G   7% /
tmpfs           485M     0  485M   0% /dev/shm
tmpfs           5.0M     0  5.0M   0% /run/lock
/dev/vda15      105M  6.1M   99M   6% /boot/efi
Sat Jul 15 16:24:01 UTC 2023
Internet: Connected
RAM Usage:
Mem:           969Mi       177Mi       203Mi       3.0Mi       588Mi       646Mi
Swap Usage:
Swap:             0B          0B          0B
Disk Usage:
Filesystem      Size  Used Avail Use% Mounted on
tmpfs            97M  992K   96M   1% /run
/dev/vda1        25G  1.7G   23G   7% /
tmpfs           485M     0  485M   0% /dev/shm
tmpfs           5.0M     0  5.0M   0% /run/lock
/dev/vda15      105M  6.1M   99M   6% /boot/efi
tmpfs            97M  4.0K   97M   1% /run/user/0
Sat Jul 15 16:25:01 UTC 2023
Internet: Connected
RAM Usage:
Mem:           969Mi       177Mi       203Mi       3.0Mi       589Mi       646Mi
Swap Usage:
Swap:             0B          0B          0B
Disk Usage:
Filesystem      Size  Used Avail Use% Mounted on
tmpfs            97M  996K   96M   2% /run
/dev/vda1        25G  1.7G   23G   7% /
tmpfs           485M     0  485M   0% /dev/shm
tmpfs           5.0M     0  5.0M   0% /run/lock
/dev/vda15      105M  6.1M   99M   6% /boot/efi
tmpfs            97M  4.0K   97M   1% /run/user/0
Sat Jul 15 16:26:01 UTC 2023
Internet: Connected
RAM Usage:
Mem:           969Mi       177Mi       203Mi       3.0Mi       589Mi       646Mi
Swap Usage:
Swap:             0B          0B          0B
Disk Usage:
Filesystem      Size  Used Avail Use% Mounted on
tmpfs            97M  976K   96M   1% /run
/dev/vda1        25G  1.7G   23G   7% /
tmpfs           485M     0  485M   0% /dev/shm
tmpfs           5.0M     0  5.0M   0% /run/lock
/dev/vda15      105M  6.1M   99M   6% /boot/efi
Sat Jul 15 16:27:02 UTC 2023
Internet: Connected
RAM Usage:
Mem:           969Mi       178Mi       201Mi       3.0Mi       589Mi       645Mi
Swap Usage:
Swap:             0B          0B          0B
Disk Usage:
Filesystem      Size  Used Avail Use% Mounted on
tmpfs            97M  976K   96M   1% /run
/dev/vda1        25G  1.7G   23G   7% /
tmpfs           485M     0  485M   0% /dev/shm
tmpfs           5.0M     0  5.0M   0% /run/lock
/dev/vda15      105M  6.1M   99M   6% /boot/efi
Sat Jul 15 16:28:01 UTC 2023
Internet: Connected
RAM Usage:
Mem:           969Mi       178Mi       201Mi       3.0Mi       589Mi       645Mi
Swap Usage:
Swap:             0B          0B          0B
Disk Usage:
Filesystem      Size  Used Avail Use% Mounted on
tmpfs            97M  976K   96M   1% /run
/dev/vda1        25G  1.7G   23G   7% /
tmpfs           485M     0  485M   0% /dev/shm
tmpfs           5.0M     0  5.0M   0% /run/lock
/dev/vda15      105M  6.1M   99M   6% /boot/efi
Sat Jul 15 16:29:01 UTC 2023
Internet: Connected
RAM Usage:
Mem:           969Mi       178Mi       201Mi       3.0Mi       589Mi       645Mi
Swap Usage:
Swap:             0B          0B          0B
Disk Usage:
Filesystem      Size  Used Avail Use% Mounted on
tmpfs            97M  976K   96M   1% /run
/dev/vda1        25G  1.7G   23G   7% /
tmpfs           485M     0  485M   0% /dev/shm
tmpfs           5.0M     0  5.0M   0% /run/lock
/dev/vda15      105M  6.1M   99M   6% /boot/efi
Sat Jul 15 16:30:01 UTC 2023
Internet: Connected
RAM Usage:
Mem:           969Mi       177Mi       201Mi       3.0Mi       589Mi       646Mi
Swap Usage:
Swap:             0B          0B          0B
Disk Usage:
Filesystem      Size  Used Avail Use% Mounted on
tmpfs            97M  976K   96M   1% /run
/dev/vda1        25G  1.7G   23G   7% /
tmpfs           485M     0  485M   0% /dev/shm
tmpfs           5.0M     0  5.0M   0% /run/lock
/dev/vda15      105M  6.1M   99M   6% /boot/efi
Sat Jul 15 16:31:01 UTC 2023
Internet: Connected
RAM Usage:
Mem:           969Mi       177Mi       201Mi       3.0Mi       589Mi       646Mi
Swap Usage:
Swap:             0B          0B          0B
Disk Usage:
Filesystem      Size  Used Avail Use% Mounted on
tmpfs            97M  976K   96M   1% /run
/dev/vda1        25G  1.7G   23G   7% /
tmpfs           485M     0  485M   0% /dev/shm
tmpfs           5.0M     0  5.0M   0% /run/lock
/dev/vda15      105M  6.1M   99M   6% /boot/efi
Sat Jul 15 16:32:01 UTC 2023
Internet: Connected
RAM Usage:
Mem:           969Mi       177Mi       201Mi       3.0Mi       589Mi       646Mi
Swap Usage:
Swap:             0B          0B          0B
Disk Usage:
Filesystem      Size  Used Avail Use% Mounted on
tmpfs            97M  976K   96M   1% /run
/dev/vda1        25G  1.7G   23G   7% /
tmpfs           485M     0  485M   0% /dev/shm
tmpfs           5.0M     0  5.0M   0% /run/lock
/dev/vda15      105M  6.1M   99M   6% /boot/efi
Sat Jul 15 16:33:01 UTC 2023
Internet: Connected
RAM Usage:
Mem:           969Mi       177Mi       201Mi       3.0Mi       589Mi       646Mi
Swap Usage:
Swap:             0B          0B          0B
Disk Usage:
Filesystem      Size  Used Avail Use% Mounted on
tmpfs            97M  976K   96M   1% /run
/dev/vda1        25G  1.7G   23G   7% /
tmpfs           485M     0  485M   0% /dev/shm
tmpfs           5.0M     0  5.0M   0% /run/lock
/dev/vda15      105M  6.1M   99M   6% /boot/efi
Sat Jul 15 16:34:01 UTC 2023
Internet: Connected
RAM Usage:
Mem:           969Mi       177Mi       201Mi       3.0Mi       589Mi       646Mi
Swap Usage:
Swap:             0B          0B          0B
Disk Usage:
Filesystem      Size  Used Avail Use% Mounted on
tmpfs            97M  976K   96M   1% /run
/dev/vda1        25G  1.7G   23G   7% /
tmpfs           485M     0  485M   0% /dev/shm
tmpfs           5.0M     0  5.0M   0% /run/lock
/dev/vda15      105M  6.1M   99M   6% /boot/efi
Sat Jul 15 16:35:01 UTC 2023
Internet: Connected
RAM Usage:
Mem:           969Mi       177Mi       201Mi       3.0Mi       590Mi       646Mi
Swap Usage:
Swap:             0B          0B          0B
Disk Usage:
Filesystem      Size  Used Avail Use% Mounted on
tmpfs            97M  976K   96M   1% /run
/dev/vda1        25G  1.7G   23G   7% /
tmpfs           485M     0  485M   0% /dev/shm
tmpfs           5.0M     0  5.0M   0% /run/lock
/dev/vda15      105M  6.1M   99M   6% /boot/efi
Sat Jul 15 16:36:01 UTC 2023
Internet: Connected
RAM Usage:
Mem:           969Mi       177Mi       201Mi       3.0Mi       590Mi       646Mi
Swap Usage:
Swap:             0B          0B          0B
Disk Usage:
Filesystem      Size  Used Avail Use% Mounted on
tmpfs            97M  976K   96M   1% /run
/dev/vda1        25G  1.7G   23G   7% /
tmpfs           485M     0  485M   0% /dev/shm
tmpfs           5.0M     0  5.0M   0% /run/lock
/dev/vda15      105M  6.1M   99M   6% /boot/efi
Sat Jul 15 16:37:01 UTC 2023
Internet: Connected
RAM Usage:
Mem:           969Mi       177Mi       201Mi       3.0Mi       590Mi       646Mi
Swap Usage:
Swap:             0B          0B          0B
Disk Usage:
Filesystem      Size  Used Avail Use% Mounted on
tmpfs            97M  976K   96M   1% /run
/dev/vda1        25G  1.7G   23G   7% /
tmpfs           485M     0  485M   0% /dev/shm
tmpfs           5.0M     0  5.0M   0% /run/lock
/dev/vda15      105M  6.1M   99M   6% /boot/efi
Sat Jul 15 16:38:01 UTC 2023
Internet: Connected
RAM Usage:
Mem:           969Mi       178Mi       200Mi       3.0Mi       590Mi       645Mi
Swap Usage:
Swap:             0B          0B          0B
Disk Usage:
Filesystem      Size  Used Avail Use% Mounted on
tmpfs            97M  976K   96M   1% /run
/dev/vda1        25G  1.7G   23G   7% /
tmpfs           485M     0  485M   0% /dev/shm
tmpfs           5.0M     0  5.0M   0% /run/lock
/dev/vda15      105M  6.1M   99M   6% /boot/efi
Sat Jul 15 16:39:01 UTC 2023
Internet: Connected
RAM Usage:
Mem:           969Mi       178Mi       200Mi       3.0Mi       590Mi       645Mi
Swap Usage:
Swap:             0B          0B          0B
Disk Usage:
Filesystem      Size  Used Avail Use% Mounted on
tmpfs            97M  976K   96M   1% /run
/dev/vda1        25G  1.7G   23G   7% /
tmpfs           485M     0  485M   0% /dev/shm
tmpfs           5.0M     0  5.0M   0% /run/lock
/dev/vda15      105M  6.1M   99M   6% /boot/efi
Sat Jul 15 16:40:01 UTC 2023
Internet: Connected
RAM Usage:
Mem:           969Mi       177Mi       200Mi       3.0Mi       590Mi       646Mi
Swap Usage:
Swap:             0B          0B          0B
Disk Usage:
Filesystem      Size  Used Avail Use% Mounted on
tmpfs            97M  976K   96M   1% /run
/dev/vda1        25G  1.7G   23G   7% /
tmpfs           485M     0  485M   0% /dev/shm
tmpfs           5.0M     0  5.0M   0% /run/lock
/dev/vda15      105M  6.1M   99M   6% /boot/efi
Sat Jul 15 16:41:01 UTC 2023
Internet: Connected
RAM Usage:
Mem:           969Mi       177Mi       200Mi       3.0Mi       591Mi       646Mi
Swap Usage:
Swap:             0B          0B          0B
Disk Usage:
Filesystem      Size  Used Avail Use% Mounted on
tmpfs            97M  976K   96M   1% /run
/dev/vda1        25G  1.7G   23G   7% /
tmpfs           485M     0  485M   0% /dev/shm
tmpfs           5.0M     0  5.0M   0% /run/lock
/dev/vda15      105M  6.1M   99M   6% /boot/efi
Sat Jul 15 16:42:01 UTC 2023
Internet: Connected
RAM Usage:
Mem:           969Mi       178Mi       200Mi       3.0Mi       591Mi       645Mi
Swap Usage:
Swap:             0B          0B          0B
Disk Usage:
Filesystem      Size  Used Avail Use% Mounted on
tmpfs            97M  976K   96M   1% /run
/dev/vda1        25G  1.7G   23G   7% /
tmpfs           485M     0  485M   0% /dev/shm
tmpfs           5.0M     0  5.0M   0% /run/lock
/dev/vda15      105M  6.1M   99M   6% /boot/efi
Sat Jul 15 16:43:01 UTC 2023
Internet: Connected
RAM Usage:
Mem:           969Mi       178Mi       200Mi       3.0Mi       591Mi       645Mi
Swap Usage:
Swap:             0B          0B          0B
Disk Usage:
Filesystem      Size  Used Avail Use% Mounted on
tmpfs            97M  976K   96M   1% /run
/dev/vda1        25G  1.7G   23G   7% /
tmpfs           485M     0  485M   0% /dev/shm
tmpfs           5.0M     0  5.0M   0% /run/lock
/dev/vda15      105M  6.1M   99M   6% /boot/efi
Sat Jul 15 16:44:01 UTC 2023
Internet: Connected
RAM Usage:
Mem:           969Mi       177Mi       200Mi       3.0Mi       591Mi       646Mi
Swap Usage:
Swap:             0B          0B          0B
Disk Usage:
Filesystem      Size  Used Avail Use% Mounted on
tmpfs            97M  976K   96M   1% /run
/dev/vda1        25G  1.7G   23G   7% /
tmpfs           485M     0  485M   0% /dev/shm
tmpfs           5.0M     0  5.0M   0% /run/lock
/dev/vda15      105M  6.1M   99M   6% /boot/efi
Sat Jul 15 16:45:01 UTC 2023
Internet: Connected
RAM Usage:
Mem:           969Mi       177Mi       200Mi       3.0Mi       591Mi       646Mi
Swap Usage:
Swap:             0B          0B          0B
Disk Usage:
Filesystem      Size  Used Avail Use% Mounted on
tmpfs            97M  976K   96M   1% /run
/dev/vda1        25G  1.7G   23G   7% /
tmpfs           485M     0  485M   0% /dev/shm
tmpfs           5.0M     0  5.0M   0% /run/lock
/dev/vda15      105M  6.1M   99M   6% /boot/efi
Sat Jul 15 16:46:01 UTC 2023
Internet: Connected
RAM Usage:
Mem:           969Mi       177Mi       200Mi       3.0Mi       591Mi       646Mi
Swap Usage:
Swap:             0B          0B          0B
Disk Usage:
Filesystem      Size  Used Avail Use% Mounted on
tmpfs            97M  976K   96M   1% /run
/dev/vda1        25G  1.7G   23G   7% /
tmpfs           485M     0  485M   0% /dev/shm
tmpfs           5.0M     0  5.0M   0% /run/lock
/dev/vda15      105M  6.1M   99M   6% /boot/efi
Sat Jul 15 16:47:01 UTC 2023
Internet: Connected
RAM Usage:
Mem:           969Mi       177Mi       200Mi       3.0Mi       591Mi       646Mi
Swap Usage:
Swap:             0B          0B          0B
Disk Usage:
Filesystem      Size  Used Avail Use% Mounted on
tmpfs            97M  976K   96M   1% /run
/dev/vda1        25G  1.7G   23G   7% /
tmpfs           485M     0  485M   0% /dev/shm
tmpfs           5.0M     0  5.0M   0% /run/lock
/dev/vda15      105M  6.1M   99M   6% /boot/efi
Sat Jul 15 16:48:01 UTC 2023
Internet: Connected
RAM Usage:
Mem:           969Mi       177Mi       200Mi       3.0Mi       591Mi       646Mi
Swap Usage:
Swap:             0B          0B          0B
Disk Usage:
Filesystem      Size  Used Avail Use% Mounted on
tmpfs            97M  976K   96M   1% /run
/dev/vda1        25G  1.7G   23G   7% /
tmpfs           485M     0  485M   0% /dev/shm
tmpfs           5.0M     0  5.0M   0% /run/lock
/dev/vda15      105M  6.1M   99M   6% /boot/efi
Sat Jul 15 16:49:01 UTC 2023
Internet: Connected
RAM Usage:
Mem:           969Mi       177Mi       200Mi       3.0Mi       592Mi       646Mi
Swap Usage:
Swap:             0B          0B          0B
Disk Usage:
Filesystem      Size  Used Avail Use% Mounted on
tmpfs            97M  976K   96M   1% /run
/dev/vda1        25G  1.7G   23G   7% /
tmpfs           485M     0  485M   0% /dev/shm
tmpfs           5.0M     0  5.0M   0% /run/lock
/dev/vda15      105M  6.1M   99M   6% /boot/efi
Sat Jul 15 16:50:01 UTC 2023
Internet: Connected
RAM Usage:
Mem:           969Mi       181Mi       195Mi       3.0Mi       592Mi       642Mi
Swap Usage:
Swap:             0B          0B          0B
Disk Usage:
Filesystem      Size  Used Avail Use% Mounted on
tmpfs            97M  976K   96M   1% /run
/dev/vda1        25G  1.7G   23G   7% /
tmpfs           485M     0  485M   0% /dev/shm
tmpfs           5.0M     0  5.0M   0% /run/lock
/dev/vda15      105M  6.1M   99M   6% /boot/efi
Sat Jul 15 16:51:01 UTC 2023
Internet: Connected
RAM Usage:
Mem:           969Mi       181Mi       195Mi       3.0Mi       592Mi       642Mi
Swap Usage:
Swap:             0B          0B          0B
Disk Usage:
Filesystem      Size  Used Avail Use% Mounted on
tmpfs            97M  976K   96M   1% /run
/dev/vda1        25G  1.7G   23G   7% /
tmpfs           485M     0  485M   0% /dev/shm
tmpfs           5.0M     0  5.0M   0% /run/lock
/dev/vda15      105M  6.1M   99M   6% /boot/efi
Sat Jul 15 16:52:01 UTC 2023
Internet: Connected
RAM Usage:
Mem:           969Mi       181Mi       195Mi       3.0Mi       592Mi       642Mi
Swap Usage:
Swap:             0B          0B          0B
Disk Usage:
Filesystem      Size  Used Avail Use% Mounted on
tmpfs            97M  992K   96M   1% /run
/dev/vda1        25G  1.7G   23G   7% /
tmpfs           485M     0  485M   0% /dev/shm
tmpfs           5.0M     0  5.0M   0% /run/lock
/dev/vda15      105M  6.1M   99M   6% /boot/efi
tmpfs            97M  4.0K   97M   1% /run/user/0
Sat Jul 15 16:53:01 UTC 2023
Internet: Connected
RAM Usage:
Mem:           969Mi       181Mi       195Mi       3.0Mi       592Mi       642Mi
Swap Usage:
Swap:             0B          0B          0B
Disk Usage:
Filesystem      Size  Used Avail Use% Mounted on
tmpfs            97M  976K   96M   1% /run
/dev/vda1        25G  1.7G   23G   7% /
tmpfs           485M     0  485M   0% /dev/shm
tmpfs           5.0M     0  5.0M   0% /run/lock
/dev/vda15      105M  6.1M   99M   6% /boot/efi
Sat Jul 15 16:54:01 UTC 2023
Internet: Connected
RAM Usage:
Mem:           969Mi       181Mi       195Mi       3.0Mi       592Mi       642Mi
Swap Usage:
Swap:             0B          0B          0B
Disk Usage:
Filesystem      Size  Used Avail Use% Mounted on
tmpfs            97M  976K   96M   1% /run
/dev/vda1        25G  1.7G   23G   7% /
tmpfs           485M     0  485M   0% /dev/shm
tmpfs           5.0M     0  5.0M   0% /run/lock
/dev/vda15      105M  6.1M   99M   6% /boot/efi
Sat Jul 15 16:55:01 UTC 2023
Internet: Connected
RAM Usage:
Mem:           969Mi       180Mi       195Mi       3.0Mi       593Mi       643Mi
Swap Usage:
Swap:             0B          0B          0B
Disk Usage:
Filesystem      Size  Used Avail Use% Mounted on
tmpfs            97M  976K   96M   1% /run
/dev/vda1        25G  1.7G   23G   7% /
tmpfs           485M     0  485M   0% /dev/shm
tmpfs           5.0M     0  5.0M   0% /run/lock
/dev/vda15      105M  6.1M   99M   6% /boot/efi
Sat Jul 15 16:56:01 UTC 2023
Internet: Connected
RAM Usage:
Mem:           969Mi       180Mi       195Mi       3.0Mi       593Mi       643Mi
Swap Usage:
Swap:             0B          0B          0B
Disk Usage:
Filesystem      Size  Used Avail Use% Mounted on
tmpfs            97M  976K   96M   1% /run
/dev/vda1        25G  1.7G   23G   7% /
tmpfs           485M     0  485M   0% /dev/shm
tmpfs           5.0M     0  5.0M   0% /run/lock
/dev/vda15      105M  6.1M   99M   6% /boot/efi
Sat Jul 15 16:57:01 UTC 2023
Internet: Connected
RAM Usage:
Mem:           969Mi       180Mi       195Mi       3.0Mi       593Mi       643Mi
Swap Usage:
Swap:             0B          0B          0B
Disk Usage:
Filesystem      Size  Used Avail Use% Mounted on
tmpfs            97M  976K   96M   1% /run
/dev/vda1        25G  1.7G   23G   7% /
tmpfs           485M     0  485M   0% /dev/shm
tmpfs           5.0M     0  5.0M   0% /run/lock
/dev/vda15      105M  6.1M   99M   6% /boot/efi
Sat Jul 15 16:58:01 UTC 2023
Internet: Connected
RAM Usage:
Mem:           969Mi       180Mi       195Mi       3.0Mi       593Mi       643Mi
Swap Usage:
Swap:             0B          0B          0B
Disk Usage:
Filesystem      Size  Used Avail Use% Mounted on
tmpfs            97M  976K   96M   1% /run
/dev/vda1        25G  1.7G   23G   7% /
tmpfs           485M     0  485M   0% /dev/shm
tmpfs           5.0M     0  5.0M   0% /run/lock
/dev/vda15      105M  6.1M   99M   6% /boot/efi
Sat Jul 15 16:59:01 UTC 2023
Internet: Connected
RAM Usage:
Mem:           969Mi       180Mi       195Mi       3.0Mi       593Mi       643Mi
Swap Usage:
Swap:             0B          0B          0B
Disk Usage:
Filesystem      Size  Used Avail Use% Mounted on
tmpfs            97M  992K   96M   1% /run
/dev/vda1        25G  1.7G   23G   7% /
tmpfs           485M     0  485M   0% /dev/shm
tmpfs           5.0M     0  5.0M   0% /run/lock
/dev/vda15      105M  6.1M   99M   6% /boot/efi
tmpfs            97M  4.0K   97M   1% /run/user/0
Sat Jul 15 17:00:01 UTC 2023
Internet: Connected
RAM Usage:
Mem:           969Mi       180Mi       195Mi       3.0Mi       593Mi       643Mi
Swap Usage:
Swap:             0B          0B          0B
Disk Usage:
Filesystem      Size  Used Avail Use% Mounted on
tmpfs            97M  976K   96M   1% /run
/dev/vda1        25G  1.7G   23G   7% /
tmpfs           485M     0  485M   0% /dev/shm
tmpfs           5.0M     0  5.0M   0% /run/lock
/dev/vda15      105M  6.1M   99M   6% /boot/efi
Sat Jul 15 17:01:01 UTC 2023
Internet: Connected
RAM Usage:
Mem:           969Mi       180Mi       195Mi       3.0Mi       593Mi       643Mi
Swap Usage:
Swap:             0B          0B          0B
Disk Usage:
Filesystem      Size  Used Avail Use% Mounted on
tmpfs            97M  976K   96M   1% /run
/dev/vda1        25G  1.7G   23G   7% /
tmpfs           485M     0  485M   0% /dev/shm
tmpfs           5.0M     0  5.0M   0% /run/lock
/dev/vda15      105M  6.1M   99M   6% /boot/efi
Sat Jul 15 17:02:01 UTC 2023
Internet: Connected
RAM Usage:
Mem:           969Mi       180Mi       195Mi       3.0Mi       594Mi       643Mi
Swap Usage:
Swap:             0B          0B          0B
Disk Usage:
Filesystem      Size  Used Avail Use% Mounted on
tmpfs            97M  976K   96M   1% /run
/dev/vda1        25G  1.7G   23G   7% /
tmpfs           485M     0  485M   0% /dev/shm
tmpfs           5.0M     0  5.0M   0% /run/lock
/dev/vda15      105M  6.1M   99M   6% /boot/efi
Sat Jul 15 17:03:01 UTC 2023
Internet: Connected
RAM Usage:
Mem:           969Mi       179Mi       195Mi       3.0Mi       594Mi       644Mi
Swap Usage:
Swap:             0B          0B          0B
Disk Usage:
Filesystem      Size  Used Avail Use% Mounted on
tmpfs            97M  976K   96M   1% /run
/dev/vda1        25G  1.7G   23G   7% /
tmpfs           485M     0  485M   0% /dev/shm
tmpfs           5.0M     0  5.0M   0% /run/lock
/dev/vda15      105M  6.1M   99M   6% /boot/efi
Sat Jul 15 17:04:01 UTC 2023
Internet: Connected
RAM Usage:
Mem:           969Mi       179Mi       195Mi       3.0Mi       594Mi       644Mi
Swap Usage:
Swap:             0B          0B          0B
Disk Usage:
Filesystem      Size  Used Avail Use% Mounted on
tmpfs            97M  976K   96M   1% /run
/dev/vda1        25G  1.7G   23G   7% /
tmpfs           485M     0  485M   0% /dev/shm
tmpfs           5.0M     0  5.0M   0% /run/lock
/dev/vda15      105M  6.1M   99M   6% /boot/efi
Sat Jul 15 17:05:01 UTC 2023
Internet: Connected
RAM Usage:
Mem:           969Mi       179Mi       195Mi       3.0Mi       594Mi       644Mi
Swap Usage:
Swap:             0B          0B          0B
Disk Usage:
Filesystem      Size  Used Avail Use% Mounted on
tmpfs            97M  976K   96M   1% /run
/dev/vda1        25G  1.7G   23G   7% /
tmpfs           485M     0  485M   0% /dev/shm
tmpfs           5.0M     0  5.0M   0% /run/lock
/dev/vda15      105M  6.1M   99M   6% /boot/efi
Sat Jul 15 17:06:01 UTC 2023
Internet: Connected
RAM Usage:
Mem:           969Mi       179Mi       195Mi       3.0Mi       594Mi       644Mi
Swap Usage:
Swap:             0B          0B          0B
Disk Usage:
Filesystem      Size  Used Avail Use% Mounted on
tmpfs            97M  976K   96M   1% /run
/dev/vda1        25G  1.7G   23G   7% /
tmpfs           485M     0  485M   0% /dev/shm
tmpfs           5.0M     0  5.0M   0% /run/lock
/dev/vda15      105M  6.1M   99M   6% /boot/efi
Sat Jul 15 17:07:01 UTC 2023
Internet: Connected
RAM Usage:
Mem:           969Mi       179Mi       195Mi       3.0Mi       594Mi       644Mi
Swap Usage:
Swap:             0B          0B          0B
Disk Usage:
Filesystem      Size  Used Avail Use% Mounted on
tmpfs            97M  976K   96M   1% /run
/dev/vda1        25G  1.7G   23G   7% /
tmpfs           485M     0  485M   0% /dev/shm
tmpfs           5.0M     0  5.0M   0% /run/lock
/dev/vda15      105M  6.1M   99M   6% /boot/efi
Sat Jul 15 17:08:01 UTC 2023
Internet: Connected
RAM Usage:
Mem:           969Mi       179Mi       194Mi       3.0Mi       594Mi       644Mi
Swap Usage:
Swap:             0B          0B          0B
Disk Usage:
Filesystem      Size  Used Avail Use% Mounted on
tmpfs            97M  976K   96M   1% /run
/dev/vda1        25G  1.7G   23G   7% /
tmpfs           485M     0  485M   0% /dev/shm
tmpfs           5.0M     0  5.0M   0% /run/lock
/dev/vda15      105M  6.1M   99M   6% /boot/efi
Sat Jul 15 17:09:01 UTC 2023
Internet: Connected
RAM Usage:
Mem:           969Mi       179Mi       194Mi       3.0Mi       594Mi       644Mi
Swap Usage:
Swap:             0B          0B          0B
Disk Usage:
Filesystem      Size  Used Avail Use% Mounted on
tmpfs            97M  976K   96M   1% /run
/dev/vda1        25G  1.7G   23G   7% /
tmpfs           485M     0  485M   0% /dev/shm
tmpfs           5.0M     0  5.0M   0% /run/lock
/dev/vda15      105M  6.1M   99M   6% /boot/efi
Sat Jul 15 17:10:01 UTC 2023
Internet: Connected
RAM Usage:
Mem:           969Mi       179Mi       194Mi       3.0Mi       595Mi       644Mi
Swap Usage:
Swap:             0B          0B          0B
Disk Usage:
Filesystem      Size  Used Avail Use% Mounted on
tmpfs            97M  976K   96M   1% /run
/dev/vda1        25G  1.7G   23G   7% /
tmpfs           485M     0  485M   0% /dev/shm
tmpfs           5.0M     0  5.0M   0% /run/lock
/dev/vda15      105M  6.1M   99M   6% /boot/efi
Sat Jul 15 17:11:01 UTC 2023
Internet: Connected
RAM Usage:
Mem:           969Mi       179Mi       194Mi       3.0Mi       595Mi       644Mi
Swap Usage:
Swap:             0B          0B          0B
Disk Usage:
Filesystem      Size  Used Avail Use% Mounted on
tmpfs            97M  976K   96M   1% /run
/dev/vda1        25G  1.7G   23G   7% /
tmpfs           485M     0  485M   0% /dev/shm
tmpfs           5.0M     0  5.0M   0% /run/lock
/dev/vda15      105M  6.1M   99M   6% /boot/efi
Sat Jul 15 17:12:01 UTC 2023
Internet: Connected
RAM Usage:
Mem:           969Mi       179Mi       194Mi       3.0Mi       595Mi       644Mi
Swap Usage:
Swap:             0B          0B          0B
Disk Usage:
Filesystem      Size  Used Avail Use% Mounted on
tmpfs            97M  976K   96M   1% /run
/dev/vda1        25G  1.7G   23G   7% /
tmpfs           485M     0  485M   0% /dev/shm
tmpfs           5.0M     0  5.0M   0% /run/lock
/dev/vda15      105M  6.1M   99M   6% /boot/efi
Sat Jul 15 17:13:01 UTC 2023
Internet: Connected
RAM Usage:
Mem:           969Mi       179Mi       194Mi       3.0Mi       595Mi       644Mi
Swap Usage:
Swap:             0B          0B          0B
Disk Usage:
Filesystem      Size  Used Avail Use% Mounted on
tmpfs            97M  976K   96M   1% /run
/dev/vda1        25G  1.7G   23G   7% /
tmpfs           485M     0  485M   0% /dev/shm
tmpfs           5.0M     0  5.0M   0% /run/lock
/dev/vda15      105M  6.1M   99M   6% /boot/efi
Sat Jul 15 17:14:01 UTC 2023
Internet: Connected
RAM Usage:
Mem:           969Mi       179Mi       194Mi       3.0Mi       595Mi       644Mi
Swap Usage:
Swap:             0B          0B          0B
Disk Usage:
Filesystem      Size  Used Avail Use% Mounted on
tmpfs            97M  976K   96M   1% /run
/dev/vda1        25G  1.7G   23G   7% /
tmpfs           485M     0  485M   0% /dev/shm
tmpfs           5.0M     0  5.0M   0% /run/lock
/dev/vda15      105M  6.1M   99M   6% /boot/efi
Sat Jul 15 17:15:01 UTC 2023
Internet: Connected
RAM Usage:
Mem:           969Mi       179Mi       194Mi       3.0Mi       595Mi       644Mi
Swap Usage:
Swap:             0B          0B          0B
Disk Usage:
Filesystem      Size  Used Avail Use% Mounted on
tmpfs            97M  976K   96M   1% /run
/dev/vda1        25G  1.7G   23G   7% /
tmpfs           485M     0  485M   0% /dev/shm
tmpfs           5.0M     0  5.0M   0% /run/lock
/dev/vda15      105M  6.1M   99M   6% /boot/efi
Sat Jul 15 17:16:01 UTC 2023
Internet: Connected
RAM Usage:
Mem:           969Mi       179Mi       194Mi       3.0Mi       595Mi       644Mi
Swap Usage:
Swap:             0B          0B          0B
Disk Usage:
Filesystem      Size  Used Avail Use% Mounted on
tmpfs            97M  976K   96M   1% /run
/dev/vda1        25G  1.7G   23G   7% /
tmpfs           485M     0  485M   0% /dev/shm
tmpfs           5.0M     0  5.0M   0% /run/lock
/dev/vda15      105M  6.1M   99M   6% /boot/efi
Sat Jul 15 17:17:01 UTC 2023
Internet: Connected
RAM Usage:
Mem:           969Mi       178Mi       194Mi       3.0Mi       595Mi       645Mi
Swap Usage:
Swap:             0B          0B          0B
Disk Usage:
Filesystem      Size  Used Avail Use% Mounted on
tmpfs            97M  976K   96M   1% /run
/dev/vda1        25G  1.7G   23G   7% /
tmpfs           485M     0  485M   0% /dev/shm
tmpfs           5.0M     0  5.0M   0% /run/lock
/dev/vda15      105M  6.1M   99M   6% /boot/efi
Sat Jul 15 17:18:01 UTC 2023
Internet: Connected
RAM Usage:
Mem:           969Mi       178Mi       194Mi       3.0Mi       595Mi       645Mi
Swap Usage:
Swap:             0B          0B          0B
Disk Usage:
Filesystem      Size  Used Avail Use% Mounted on
tmpfs            97M  976K   96M   1% /run
/dev/vda1        25G  1.7G   23G   7% /
tmpfs           485M     0  485M   0% /dev/shm
tmpfs           5.0M     0  5.0M   0% /run/lock
/dev/vda15      105M  6.1M   99M   6% /boot/efi
Sat Jul 15 17:19:01 UTC 2023
Internet: Connected
RAM Usage:
Mem:           969Mi       178Mi       194Mi       3.0Mi       595Mi       645Mi
Swap Usage:
Swap:             0B          0B          0B
Disk Usage:
Filesystem      Size  Used Avail Use% Mounted on
tmpfs            97M  976K   96M   1% /run
/dev/vda1        25G  1.7G   23G   7% /
tmpfs           485M     0  485M   0% /dev/shm
tmpfs           5.0M     0  5.0M   0% /run/lock
/dev/vda15      105M  6.1M   99M   6% /boot/efi
Sat Jul 15 17:20:01 UTC 2023
Internet: Connected
RAM Usage:
Mem:           969Mi       178Mi       194Mi       3.0Mi       595Mi       645Mi
Swap Usage:
Swap:             0B          0B          0B
Disk Usage:
Filesystem      Size  Used Avail Use% Mounted on
tmpfs            97M  976K   96M   1% /run
/dev/vda1        25G  1.7G   23G   7% /
tmpfs           485M     0  485M   0% /dev/shm
tmpfs           5.0M     0  5.0M   0% /run/lock
/dev/vda15      105M  6.1M   99M   6% /boot/efi
Sat Jul 15 17:21:01 UTC 2023
Internet: Connected
RAM Usage:
Mem:           969Mi       178Mi       194Mi       3.0Mi       596Mi       645Mi
Swap Usage:
Swap:             0B          0B          0B
Disk Usage:
Filesystem      Size  Used Avail Use% Mounted on
tmpfs            97M  976K   96M   1% /run
/dev/vda1        25G  1.7G   23G   7% /
tmpfs           485M     0  485M   0% /dev/shm
tmpfs           5.0M     0  5.0M   0% /run/lock
/dev/vda15      105M  6.1M   99M   6% /boot/efi
Sat Jul 15 17:22:01 UTC 2023
Internet: Connected
RAM Usage:
Mem:           969Mi       178Mi       194Mi       3.0Mi       596Mi       645Mi
Swap Usage:
Swap:             0B          0B          0B
Disk Usage:
Filesystem      Size  Used Avail Use% Mounted on
tmpfs            97M  976K   96M   1% /run
/dev/vda1        25G  1.7G   23G   7% /
tmpfs           485M     0  485M   0% /dev/shm
tmpfs           5.0M     0  5.0M   0% /run/lock
/dev/vda15      105M  6.1M   99M   6% /boot/efi
Sat Jul 15 17:23:01 UTC 2023
Internet: Connected
RAM Usage:
Mem:           969Mi       178Mi       194Mi       3.0Mi       596Mi       645Mi
Swap Usage:
Swap:             0B          0B          0B
Disk Usage:
Filesystem      Size  Used Avail Use% Mounted on
tmpfs            97M  976K   96M   1% /run
/dev/vda1        25G  1.7G   23G   7% /
tmpfs           485M     0  485M   0% /dev/shm
tmpfs           5.0M     0  5.0M   0% /run/lock
/dev/vda15      105M  6.1M   99M   6% /boot/efi
Sat Jul 15 17:24:01 UTC 2023
Internet: Connected
RAM Usage:
Mem:           969Mi       178Mi       194Mi       3.0Mi       596Mi       645Mi
Swap Usage:
Swap:             0B          0B          0B
Disk Usage:
Filesystem      Size  Used Avail Use% Mounted on
tmpfs            97M  976K   96M   1% /run
/dev/vda1        25G  1.7G   23G   7% /
tmpfs           485M     0  485M   0% /dev/shm
tmpfs           5.0M     0  5.0M   0% /run/lock
/dev/vda15      105M  6.1M   99M   6% /boot/efi
Sat Jul 15 17:25:01 UTC 2023
Internet: Connected
RAM Usage:
Mem:           969Mi       178Mi       194Mi       3.0Mi       596Mi       645Mi
Swap Usage:
Swap:             0B          0B          0B
Disk Usage:
Filesystem      Size  Used Avail Use% Mounted on
tmpfs            97M  976K   96M   1% /run
/dev/vda1        25G  1.7G   23G   7% /
tmpfs           485M     0  485M   0% /dev/shm
tmpfs           5.0M     0  5.0M   0% /run/lock
/dev/vda15      105M  6.1M   99M   6% /boot/efi
Sat Jul 15 17:26:01 UTC 2023
Internet: Connected
RAM Usage:
Mem:           969Mi       177Mi       194Mi       3.0Mi       596Mi       646Mi
Swap Usage:
Swap:             0B          0B          0B
Disk Usage:
Filesystem      Size  Used Avail Use% Mounted on
tmpfs            97M  976K   96M   1% /run
/dev/vda1        25G  1.7G   23G   7% /
tmpfs           485M     0  485M   0% /dev/shm
tmpfs           5.0M     0  5.0M   0% /run/lock
/dev/vda15      105M  6.1M   99M   6% /boot/efi
Sat Jul 15 17:27:01 UTC 2023
Internet: Connected
RAM Usage:
Mem:           969Mi       177Mi       194Mi       3.0Mi       596Mi       646Mi
Swap Usage:
Swap:             0B          0B          0B
Disk Usage:
Filesystem      Size  Used Avail Use% Mounted on
tmpfs            97M  976K   96M   1% /run
/dev/vda1        25G  1.7G   23G   7% /
tmpfs           485M     0  485M   0% /dev/shm
tmpfs           5.0M     0  5.0M   0% /run/lock
/dev/vda15      105M  6.1M   99M   6% /boot/efi
Sat Jul 15 17:28:01 UTC 2023
Internet: Connected
RAM Usage:
Mem:           969Mi       177Mi       194Mi       3.0Mi       596Mi       646Mi
Swap Usage:
Swap:             0B          0B          0B
Disk Usage:
Filesystem      Size  Used Avail Use% Mounted on
tmpfs            97M  976K   96M   1% /run
/dev/vda1        25G  1.7G   23G   7% /
tmpfs           485M     0  485M   0% /dev/shm
tmpfs           5.0M     0  5.0M   0% /run/lock
/dev/vda15      105M  6.1M   99M   6% /boot/efi
Sat Jul 15 17:29:01 UTC 2023
Internet: Connected
RAM Usage:
Mem:           969Mi       177Mi       194Mi       3.0Mi       597Mi       646Mi
Swap Usage:
Swap:             0B          0B          0B
Disk Usage:
Filesystem      Size  Used Avail Use% Mounted on
tmpfs            97M  976K   96M   1% /run
/dev/vda1        25G  1.7G   23G   7% /
tmpfs           485M     0  485M   0% /dev/shm
tmpfs           5.0M     0  5.0M   0% /run/lock
/dev/vda15      105M  6.1M   99M   6% /boot/efi
Sat Jul 15 17:30:01 UTC 2023
Internet: Connected
RAM Usage:
Mem:           969Mi       178Mi       193Mi       3.0Mi       597Mi       645Mi
Swap Usage:
Swap:             0B          0B          0B
Disk Usage:
Filesystem      Size  Used Avail Use% Mounted on
tmpfs            97M  976K   96M   1% /run
/dev/vda1        25G  1.7G   23G   7% /
tmpfs           485M     0  485M   0% /dev/shm
tmpfs           5.0M     0  5.0M   0% /run/lock
/dev/vda15      105M  6.1M   99M   6% /boot/efi
Sat Jul 15 17:31:01 UTC 2023
Internet: Connected
RAM Usage:
Mem:           969Mi       178Mi       193Mi       3.0Mi       597Mi       645Mi
Swap Usage:
Swap:             0B          0B          0B
Disk Usage:
Filesystem      Size  Used Avail Use% Mounted on
tmpfs            97M  976K   96M   1% /run
/dev/vda1        25G  1.7G   23G   7% /
tmpfs           485M     0  485M   0% /dev/shm
tmpfs           5.0M     0  5.0M   0% /run/lock
/dev/vda15      105M  6.1M   99M   6% /boot/efi
Sat Jul 15 17:32:01 UTC 2023
Internet: Connected
RAM Usage:
Mem:           969Mi       178Mi       193Mi       3.0Mi       597Mi       645Mi
Swap Usage:
Swap:             0B          0B          0B
Disk Usage:
Filesystem      Size  Used Avail Use% Mounted on
tmpfs            97M  976K   96M   1% /run
/dev/vda1        25G  1.7G   23G   7% /
tmpfs           485M     0  485M   0% /dev/shm
tmpfs           5.0M     0  5.0M   0% /run/lock
/dev/vda15      105M  6.1M   99M   6% /boot/efi
Sat Jul 15 17:33:01 UTC 2023
Internet: Connected
RAM Usage:
Mem:           969Mi       178Mi       193Mi       3.0Mi       597Mi       645Mi
Swap Usage:
Swap:             0B          0B          0B
Disk Usage:
Filesystem      Size  Used Avail Use% Mounted on
tmpfs            97M  976K   96M   1% /run
/dev/vda1        25G  1.7G   23G   7% /
tmpfs           485M     0  485M   0% /dev/shm
tmpfs           5.0M     0  5.0M   0% /run/lock
/dev/vda15      105M  6.1M   99M   6% /boot/efi
Sat Jul 15 17:34:01 UTC 2023
Internet: Connected
RAM Usage:
Mem:           969Mi       178Mi       193Mi       3.0Mi       597Mi       645Mi
Swap Usage:
Swap:             0B          0B          0B
Disk Usage:
Filesystem      Size  Used Avail Use% Mounted on
tmpfs            97M  976K   96M   1% /run
/dev/vda1        25G  1.7G   23G   7% /
tmpfs           485M     0  485M   0% /dev/shm
tmpfs           5.0M     0  5.0M   0% /run/lock
/dev/vda15      105M  6.1M   99M   6% /boot/efi
Sat Jul 15 17:35:01 UTC 2023
Internet: Connected
RAM Usage:
Mem:           969Mi       178Mi       193Mi       3.0Mi       597Mi       645Mi
Swap Usage:
Swap:             0B          0B          0B
Disk Usage:
Filesystem      Size  Used Avail Use% Mounted on
tmpfs            97M  976K   96M   1% /run
/dev/vda1        25G  1.7G   23G   7% /
tmpfs           485M     0  485M   0% /dev/shm
tmpfs           5.0M     0  5.0M   0% /run/lock
/dev/vda15      105M  6.1M   99M   6% /boot/efi
Sat Jul 15 17:36:01 UTC 2023
Internet: Connected
RAM Usage:
Mem:           969Mi       178Mi       193Mi       3.0Mi       598Mi       645Mi
Swap Usage:
Swap:             0B          0B          0B
Disk Usage:
Filesystem      Size  Used Avail Use% Mounted on
tmpfs            97M  976K   96M   1% /run
/dev/vda1        25G  1.7G   23G   7% /
tmpfs           485M     0  485M   0% /dev/shm
tmpfs           5.0M     0  5.0M   0% /run/lock
/dev/vda15      105M  6.1M   99M   6% /boot/efi
Sat Jul 15 17:37:01 UTC 2023
Internet: Connected
RAM Usage:
Mem:           969Mi       177Mi       193Mi       3.0Mi       598Mi       646Mi
Swap Usage:
Swap:             0B          0B          0B
Disk Usage:
Filesystem      Size  Used Avail Use% Mounted on
tmpfs            97M  996K   96M   2% /run
/dev/vda1        25G  1.7G   23G   7% /
tmpfs           485M     0  485M   0% /dev/shm
tmpfs           5.0M     0  5.0M   0% /run/lock
/dev/vda15      105M  6.1M   99M   6% /boot/efi
tmpfs            97M  4.0K   97M   1% /run/user/0
Sat Jul 15 17:38:02 UTC 2023
Internet: Connected
RAM Usage:
Mem:           969Mi       177Mi       193Mi       3.0Mi       598Mi       646Mi
Swap Usage:
Swap:             0B          0B          0B
Disk Usage:
Filesystem      Size  Used Avail Use% Mounted on
tmpfs            97M  976K   96M   1% /run
/dev/vda1        25G  1.7G   23G   7% /
tmpfs           485M     0  485M   0% /dev/shm
tmpfs           5.0M     0  5.0M   0% /run/lock
/dev/vda15      105M  6.1M   99M   6% /boot/efi
Sat Jul 15 17:39:01 UTC 2023
Internet: Connected
RAM Usage:
Mem:           969Mi       177Mi       193Mi       3.0Mi       598Mi       646Mi
Swap Usage:
Swap:             0B          0B          0B
Disk Usage:
Filesystem      Size  Used Avail Use% Mounted on
tmpfs            97M  976K   96M   1% /run
/dev/vda1        25G  1.7G   23G   7% /
tmpfs           485M     0  485M   0% /dev/shm
tmpfs           5.0M     0  5.0M   0% /run/lock
/dev/vda15      105M  6.1M   99M   6% /boot/efi
Sat Jul 15 17:40:01 UTC 2023
Internet: Connected
RAM Usage:
Mem:           969Mi       178Mi       192Mi       3.0Mi       598Mi       645Mi
Swap Usage:
Swap:             0B          0B          0B
Disk Usage:
Filesystem      Size  Used Avail Use% Mounted on
tmpfs            97M  976K   96M   1% /run
/dev/vda1        25G  1.7G   23G   7% /
tmpfs           485M     0  485M   0% /dev/shm
tmpfs           5.0M     0  5.0M   0% /run/lock
/dev/vda15      105M  6.1M   99M   6% /boot/efi
Sat Jul 15 17:41:01 UTC 2023
Internet: Connected
RAM Usage:
Mem:           969Mi       178Mi       192Mi       3.0Mi       599Mi       645Mi
Swap Usage:
Swap:             0B          0B          0B
Disk Usage:
Filesystem      Size  Used Avail Use% Mounted on
tmpfs            97M  976K   96M   1% /run
/dev/vda1        25G  1.7G   23G   7% /
tmpfs           485M     0  485M   0% /dev/shm
tmpfs           5.0M     0  5.0M   0% /run/lock
/dev/vda15      105M  6.1M   99M   6% /boot/efi
Sat Jul 15 17:42:01 UTC 2023
Internet: Connected
RAM Usage:
Mem:           969Mi       178Mi       192Mi       3.0Mi       599Mi       645Mi
Swap Usage:
Swap:             0B          0B          0B
Disk Usage:
Filesystem      Size  Used Avail Use% Mounted on
tmpfs            97M  976K   96M   1% /run
/dev/vda1        25G  1.7G   23G   7% /
tmpfs           485M     0  485M   0% /dev/shm
tmpfs           5.0M     0  5.0M   0% /run/lock
/dev/vda15      105M  6.1M   99M   6% /boot/efi
Sat Jul 15 17:43:01 UTC 2023
Internet: Connected
RAM Usage:
Mem:           969Mi       178Mi       192Mi       3.0Mi       599Mi       645Mi
Swap Usage:
Swap:             0B          0B          0B
Disk Usage:
Filesystem      Size  Used Avail Use% Mounted on
tmpfs            97M  976K   96M   1% /run
/dev/vda1        25G  1.7G   23G   7% /
tmpfs           485M     0  485M   0% /dev/shm
tmpfs           5.0M     0  5.0M   0% /run/lock
/dev/vda15      105M  6.1M   99M   6% /boot/efi
Sat Jul 15 17:44:01 UTC 2023
Internet: Connected
RAM Usage:
Mem:           969Mi       177Mi       192Mi       3.0Mi       599Mi       646Mi
Swap Usage:
Swap:             0B          0B          0B
Disk Usage:
Filesystem      Size  Used Avail Use% Mounted on
tmpfs            97M  976K   96M   1% /run
/dev/vda1        25G  1.7G   23G   7% /
tmpfs           485M     0  485M   0% /dev/shm
tmpfs           5.0M     0  5.0M   0% /run/lock
/dev/vda15      105M  6.1M   99M   6% /boot/efi
Sat Jul 15 17:45:01 UTC 2023
Internet: Connected
RAM Usage:
Mem:           969Mi       177Mi       192Mi       3.0Mi       599Mi       646Mi
Swap Usage:
Swap:             0B          0B          0B
Disk Usage:
Filesystem      Size  Used Avail Use% Mounted on
tmpfs            97M  976K   96M   1% /run
/dev/vda1        25G  1.7G   23G   7% /
tmpfs           485M     0  485M   0% /dev/shm
tmpfs           5.0M     0  5.0M   0% /run/lock
/dev/vda15      105M  6.1M   99M   6% /boot/efi
Sat Jul 15 17:46:01 UTC 2023
Internet: Connected
RAM Usage:
Mem:           969Mi       177Mi       192Mi       3.0Mi       599Mi       646Mi
Swap Usage:
Swap:             0B          0B          0B
Disk Usage:
Filesystem      Size  Used Avail Use% Mounted on
tmpfs            97M  976K   96M   1% /run
/dev/vda1        25G  1.7G   23G   7% /
tmpfs           485M     0  485M   0% /dev/shm
tmpfs           5.0M     0  5.0M   0% /run/lock
/dev/vda15      105M  6.1M   99M   6% /boot/efi
Sat Jul 15 17:47:01 UTC 2023
Internet: Connected
RAM Usage:
Mem:           969Mi       177Mi       192Mi       3.0Mi       599Mi       646Mi
Swap Usage:
Swap:             0B          0B          0B
Disk Usage:
Filesystem      Size  Used Avail Use% Mounted on
tmpfs            97M  976K   96M   1% /run
/dev/vda1        25G  1.7G   23G   7% /
tmpfs           485M     0  485M   0% /dev/shm
tmpfs           5.0M     0  5.0M   0% /run/lock
/dev/vda15      105M  6.1M   99M   6% /boot/efi
Sat Jul 15 17:48:01 UTC 2023
Internet: Connected
RAM Usage:
Mem:           969Mi       177Mi       192Mi       3.0Mi       600Mi       646Mi
Swap Usage:
Swap:             0B          0B          0B
Disk Usage:
Filesystem      Size  Used Avail Use% Mounted on
tmpfs            97M  976K   96M   1% /run
/dev/vda1        25G  1.7G   23G   7% /
tmpfs           485M     0  485M   0% /dev/shm
tmpfs           5.0M     0  5.0M   0% /run/lock
/dev/vda15      105M  6.1M   99M   6% /boot/efi
Sat Jul 15 17:49:01 UTC 2023
Internet: Connected
RAM Usage:
Mem:           969Mi       177Mi       192Mi       3.0Mi       600Mi       646Mi
Swap Usage:
Swap:             0B          0B          0B
Disk Usage:
Filesystem      Size  Used Avail Use% Mounted on
tmpfs            97M  976K   96M   1% /run
/dev/vda1        25G  1.7G   23G   7% /
tmpfs           485M     0  485M   0% /dev/shm
tmpfs           5.0M     0  5.0M   0% /run/lock
/dev/vda15      105M  6.1M   99M   6% /boot/efi
Sat Jul 15 17:50:01 UTC 2023
Internet: Connected
RAM Usage:
Mem:           969Mi       177Mi       192Mi       3.0Mi       600Mi       646Mi
Swap Usage:
Swap:             0B          0B          0B
Disk Usage:
Filesystem      Size  Used Avail Use% Mounted on
tmpfs            97M  976K   96M   1% /run
/dev/vda1        25G  1.7G   23G   7% /
tmpfs           485M     0  485M   0% /dev/shm
tmpfs           5.0M     0  5.0M   0% /run/lock
/dev/vda15      105M  6.1M   99M   6% /boot/efi
Sat Jul 15 17:51:01 UTC 2023
Internet: Connected
RAM Usage:
Mem:           969Mi       177Mi       192Mi       3.0Mi       600Mi       646Mi
Swap Usage:
Swap:             0B          0B          0B
Disk Usage:
Filesystem      Size  Used Avail Use% Mounted on
tmpfs            97M  976K   96M   1% /run
/dev/vda1        25G  1.7G   23G   7% /
tmpfs           485M     0  485M   0% /dev/shm
tmpfs           5.0M     0  5.0M   0% /run/lock
/dev/vda15      105M  6.1M   99M   6% /boot/efi
Sat Jul 15 17:52:01 UTC 2023
Internet: Connected
RAM Usage:
Mem:           969Mi       177Mi       192Mi       3.0Mi       600Mi       646Mi
Swap Usage:
Swap:             0B          0B          0B
Disk Usage:
Filesystem      Size  Used Avail Use% Mounted on
tmpfs            97M  976K   96M   1% /run
/dev/vda1        25G  1.7G   23G   7% /
tmpfs           485M     0  485M   0% /dev/shm
tmpfs           5.0M     0  5.0M   0% /run/lock
/dev/vda15      105M  6.1M   99M   6% /boot/efi
Sat Jul 15 17:53:01 UTC 2023
Internet: Connected
RAM Usage:
Mem:           969Mi       176Mi       192Mi       3.0Mi       600Mi       647Mi
Swap Usage:
Swap:             0B          0B          0B
Disk Usage:
Filesystem      Size  Used Avail Use% Mounted on
tmpfs            97M  976K   96M   1% /run
/dev/vda1        25G  1.7G   23G   7% /
tmpfs           485M     0  485M   0% /dev/shm
tmpfs           5.0M     0  5.0M   0% /run/lock
/dev/vda15      105M  6.1M   99M   6% /boot/efi
Sat Jul 15 17:54:01 UTC 2023
Internet: Connected
RAM Usage:
Mem:           969Mi       176Mi       192Mi       3.0Mi       600Mi       647Mi
Swap Usage:
Swap:             0B          0B          0B
Disk Usage:
Filesystem      Size  Used Avail Use% Mounted on
tmpfs            97M  976K   96M   1% /run
/dev/vda1        25G  1.7G   23G   7% /
tmpfs           485M     0  485M   0% /dev/shm
tmpfs           5.0M     0  5.0M   0% /run/lock
/dev/vda15      105M  6.1M   99M   6% /boot/efi
Sat Jul 15 17:55:01 UTC 2023
Internet: Connected
RAM Usage:
Mem:           969Mi       176Mi       192Mi       3.0Mi       600Mi       647Mi
Swap Usage:
Swap:             0B          0B          0B
Disk Usage:
Filesystem      Size  Used Avail Use% Mounted on
tmpfs            97M  976K   96M   1% /run
/dev/vda1        25G  1.7G   23G   7% /
tmpfs           485M     0  485M   0% /dev/shm
tmpfs           5.0M     0  5.0M   0% /run/lock
/dev/vda15      105M  6.1M   99M   6% /boot/efi
Sat Jul 15 17:56:01 UTC 2023
Internet: Connected
RAM Usage:
Mem:           969Mi       178Mi       190Mi       3.0Mi       600Mi       645Mi
Swap Usage:
Swap:             0B          0B          0B
Disk Usage:
Filesystem      Size  Used Avail Use% Mounted on
tmpfs            97M  976K   96M   1% /run
/dev/vda1        25G  1.7G   23G   7% /
tmpfs           485M     0  485M   0% /dev/shm
tmpfs           5.0M     0  5.0M   0% /run/lock
/dev/vda15      105M  6.1M   99M   6% /boot/efi
Sat Jul 15 17:57:01 UTC 2023
Internet: Connected
RAM Usage:
Mem:           969Mi       178Mi       190Mi       3.0Mi       600Mi       645Mi
Swap Usage:
Swap:             0B          0B          0B
Disk Usage:
Filesystem      Size  Used Avail Use% Mounted on
tmpfs            97M  976K   96M   1% /run
/dev/vda1        25G  1.7G   23G   7% /
tmpfs           485M     0  485M   0% /dev/shm
tmpfs           5.0M     0  5.0M   0% /run/lock
/dev/vda15      105M  6.1M   99M   6% /boot/efi
Sat Jul 15 17:58:01 UTC 2023
Internet: Connected
RAM Usage:
Mem:           969Mi       177Mi       190Mi       3.0Mi       601Mi       645Mi
Swap Usage:
Swap:             0B          0B          0B
Disk Usage:
Filesystem      Size  Used Avail Use% Mounted on
tmpfs            97M  976K   96M   1% /run
/dev/vda1        25G  1.7G   23G   7% /
tmpfs           485M     0  485M   0% /dev/shm
tmpfs           5.0M     0  5.0M   0% /run/lock
/dev/vda15      105M  6.1M   99M   6% /boot/efi
Sat Jul 15 17:59:01 UTC 2023
Internet: Connected
RAM Usage:
Mem:           969Mi       177Mi       190Mi       3.0Mi       601Mi       646Mi
Swap Usage:
Swap:             0B          0B          0B
Disk Usage:
Filesystem      Size  Used Avail Use% Mounted on
tmpfs            97M  976K   96M   1% /run
/dev/vda1        25G  1.7G   23G   7% /
tmpfs           485M     0  485M   0% /dev/shm
tmpfs           5.0M     0  5.0M   0% /run/lock
/dev/vda15      105M  6.1M   99M   6% /boot/efi
Sat Jul 15 18:00:01 UTC 2023
Internet: Connected
RAM Usage:
